Archive member included because of file (symbol)

c:/winavr/bin/../lib/gcc/avr/4.3.2/../../../../avr/lib/avr5\libprintf_flt.a(vfprintf_flt.o)
                              (vfprintf)
c:/winavr/bin/../lib/gcc/avr/4.3.2/../../../../avr/lib/avr5\libscanf_flt.a(vfscanf_flt.o)
                              (vfscanf)
c:/winavr/bin/../lib/gcc/avr/4.3.2/../../../../avr/lib/avr5\libm.a(addsf3.o)
                              moteur.o (__subsf3)
c:/winavr/bin/../lib/gcc/avr/4.3.2/../../../../avr/lib/avr5\libm.a(addsf3x.o)
                              c:/winavr/bin/../lib/gcc/avr/4.3.2/../../../../avr/lib/avr5\libm.a(addsf3.o) (__addsf3x)
c:/winavr/bin/../lib/gcc/avr/4.3.2/../../../../avr/lib/avr5\libm.a(cmpsf2.o)
                              moteur.o (__ltsf2)
c:/winavr/bin/../lib/gcc/avr/4.3.2/../../../../avr/lib/avr5\libm.a(divsf3.o)
                              moteur.o (__divsf3)
c:/winavr/bin/../lib/gcc/avr/4.3.2/../../../../avr/lib/avr5\libm.a(divsf3x.o)
                              c:/winavr/bin/../lib/gcc/avr/4.3.2/../../../../avr/lib/avr5\libm.a(divsf3.o) (__divsf3x)
c:/winavr/bin/../lib/gcc/avr/4.3.2/../../../../avr/lib/avr5\libm.a(fixunssfsi.o)
                              moteur.o (__fixunssfsi)
c:/winavr/bin/../lib/gcc/avr/4.3.2/../../../../avr/lib/avr5\libm.a(floatsisf.o)
                              moteur.o (__floatunsisf)
c:/winavr/bin/../lib/gcc/avr/4.3.2/../../../../avr/lib/avr5\libm.a(fp_cmp.o)
                              c:/winavr/bin/../lib/gcc/avr/4.3.2/../../../../avr/lib/avr5\libm.a(cmpsf2.o) (__fp_cmp)
c:/winavr/bin/../lib/gcc/avr/4.3.2/../../../../avr/lib/avr5\libm.a(fp_inf.o)
                              c:/winavr/bin/../lib/gcc/avr/4.3.2/../../../../avr/lib/avr5\libm.a(addsf3x.o) (__fp_inf)
c:/winavr/bin/../lib/gcc/avr/4.3.2/../../../../avr/lib/avr5\libm.a(fp_nan.o)
                              c:/winavr/bin/../lib/gcc/avr/4.3.2/../../../../avr/lib/avr5\libm.a(addsf3x.o) (__fp_nan)
c:/winavr/bin/../lib/gcc/avr/4.3.2/../../../../avr/lib/avr5\libm.a(fp_pscA.o)
                              c:/winavr/bin/../lib/gcc/avr/4.3.2/../../../../avr/lib/avr5\libm.a(addsf3x.o) (__fp_pscA)
c:/winavr/bin/../lib/gcc/avr/4.3.2/../../../../avr/lib/avr5\libm.a(fp_pscB.o)
                              c:/winavr/bin/../lib/gcc/avr/4.3.2/../../../../avr/lib/avr5\libm.a(addsf3x.o) (__fp_pscB)
c:/winavr/bin/../lib/gcc/avr/4.3.2/../../../../avr/lib/avr5\libm.a(fp_round.o)
                              c:/winavr/bin/../lib/gcc/avr/4.3.2/../../../../avr/lib/avr5\libm.a(addsf3.o) (__fp_round)
c:/winavr/bin/../lib/gcc/avr/4.3.2/../../../../avr/lib/avr5\libm.a(fp_split3.o)
                              c:/winavr/bin/../lib/gcc/avr/4.3.2/../../../../avr/lib/avr5\libm.a(addsf3x.o) (__fp_split3)
c:/winavr/bin/../lib/gcc/avr/4.3.2/../../../../avr/lib/avr5\libm.a(fp_zero.o)
                              c:/winavr/bin/../lib/gcc/avr/4.3.2/../../../../avr/lib/avr5\libm.a(addsf3x.o) (__fp_zero)
c:/winavr/bin/../lib/gcc/avr/4.3.2/../../../../avr/lib/avr5\libm.a(gesf2.o)
                              moteur.o (__gesf2)
c:/winavr/bin/../lib/gcc/avr/4.3.2/../../../../avr/lib/avr5\libm.a(mulsf3.o)
                              moteur.o (__mulsf3)
c:/winavr/bin/../lib/gcc/avr/4.3.2/../../../../avr/lib/avr5\libm.a(mulsf3x.o)
                              c:/winavr/bin/../lib/gcc/avr/4.3.2/../../../../avr/lib/avr5\libm.a(mulsf3.o) (__mulsf3x)
c:/winavr/bin/../lib/gcc/avr/4.3.2/avr5\libgcc.a(_divmodsi4.o)
                              adc.o (__divmodsi4)
c:/winavr/bin/../lib/gcc/avr/4.3.2/avr5\libgcc.a(_prologue.o)
                              c:/winavr/bin/../lib/gcc/avr/4.3.2/../../../../avr/lib/avr5\libprintf_flt.a(vfprintf_flt.o) (__prologue_saves__)
c:/winavr/bin/../lib/gcc/avr/4.3.2/avr5\libgcc.a(_epilogue.o)
                              c:/winavr/bin/../lib/gcc/avr/4.3.2/../../../../avr/lib/avr5\libprintf_flt.a(vfprintf_flt.o) (__epilogue_restores__)
c:/winavr/bin/../lib/gcc/avr/4.3.2/avr5\libgcc.a(_exit.o)
                              c:/winavr/bin/../lib/gcc/avr/4.3.2/../../../../avr/lib/avr5/crtm32.o (exit)
c:/winavr/bin/../lib/gcc/avr/4.3.2/avr5\libgcc.a(_copy_data.o)
                              robot2.o (__do_copy_data)
c:/winavr/bin/../lib/gcc/avr/4.3.2/avr5\libgcc.a(_clear_bss.o)
                              robot2.o (__do_clear_bss)
c:/winavr/bin/../lib/gcc/avr/4.3.2/avr5\libgcc.a(_udivmodsi4.o)
                              c:/winavr/bin/../lib/gcc/avr/4.3.2/avr5\libgcc.a(_divmodsi4.o) (__udivmodsi4)
c:/winavr/bin/../lib/gcc/avr/4.3.2/../../../../avr/lib/avr5\libc.a(ftoa_engine.o)
                              c:/winavr/bin/../lib/gcc/avr/4.3.2/../../../../avr/lib/avr5\libprintf_flt.a(vfprintf_flt.o) (__ftoa_engine)
c:/winavr/bin/../lib/gcc/avr/4.3.2/../../../../avr/lib/avr5\libc.a(isspace.o)
                              c:/winavr/bin/../lib/gcc/avr/4.3.2/../../../../avr/lib/avr5\libscanf_flt.a(vfscanf_flt.o) (isspace)
c:/winavr/bin/../lib/gcc/avr/4.3.2/../../../../avr/lib/avr5\libc.a(tolower.o)
                              c:/winavr/bin/../lib/gcc/avr/4.3.2/../../../../avr/lib/avr5\libscanf_flt.a(vfscanf_flt.o) (tolower)
c:/winavr/bin/../lib/gcc/avr/4.3.2/../../../../avr/lib/avr5\libc.a(strchr_P.o)
                              c:/winavr/bin/../lib/gcc/avr/4.3.2/../../../../avr/lib/avr5\libscanf_flt.a(vfscanf_flt.o) (strchr_P)
c:/winavr/bin/../lib/gcc/avr/4.3.2/../../../../avr/lib/avr5\libc.a(strnlen_P.o)
                              c:/winavr/bin/../lib/gcc/avr/4.3.2/../../../../avr/lib/avr5\libprintf_flt.a(vfprintf_flt.o) (strnlen_P)
c:/winavr/bin/../lib/gcc/avr/4.3.2/../../../../avr/lib/avr5\libc.a(strnlen.o)
                              c:/winavr/bin/../lib/gcc/avr/4.3.2/../../../../avr/lib/avr5\libprintf_flt.a(vfprintf_flt.o) (strnlen)
c:/winavr/bin/../lib/gcc/avr/4.3.2/../../../../avr/lib/avr5\libc.a(fgetc.o)
                              c:/winavr/bin/../lib/gcc/avr/4.3.2/../../../../avr/lib/avr5\libscanf_flt.a(vfscanf_flt.o) (fgetc)
c:/winavr/bin/../lib/gcc/avr/4.3.2/../../../../avr/lib/avr5\libc.a(fputc.o)
                              c:/winavr/bin/../lib/gcc/avr/4.3.2/../../../../avr/lib/avr5\libprintf_flt.a(vfprintf_flt.o) (fputc)
c:/winavr/bin/../lib/gcc/avr/4.3.2/../../../../avr/lib/avr5\libc.a(ungetc.o)
                              c:/winavr/bin/../lib/gcc/avr/4.3.2/../../../../avr/lib/avr5\libscanf_flt.a(vfscanf_flt.o) (ungetc)
c:/winavr/bin/../lib/gcc/avr/4.3.2/../../../../avr/lib/avr5\libc.a(ultoa_invert.o)
                              c:/winavr/bin/../lib/gcc/avr/4.3.2/../../../../avr/lib/avr5\libprintf_flt.a(vfprintf_flt.o) (__ultoa_invert)
c:/winavr/bin/../lib/gcc/avr/4.3.2/../../../../avr/lib/avr5\libc.a(cty_isfalse.o)
                              c:/winavr/bin/../lib/gcc/avr/4.3.2/../../../../avr/lib/avr5\libc.a(isspace.o) (__ctype_isfalse)

Allocating common symbols
Common symbol       size              file

CmdTeleSem          0x2               robot2.o
UARTRxBox           0x2               robot2.o
OSLockNesting       0x1               SOURCE/ucos_ii.o
OSRunning           0x1               SOURCE/ucos_ii.o
OSIdleCtr           0x4               SOURCE/ucos_ii.o
MoteurUpdateSem     0x2               robot2.o
OSPrioHighRdy       0x1               SOURCE/ucos_ii.o
OSFlagTbl           0x14              SOURCE/ucos_ii.o
OSPrioCur           0x1               SOURCE/ucos_ii.o
OSTCBList           0x2               SOURCE/ucos_ii.o
OSCtxSwCtr          0x4               SOURCE/ucos_ii.o
MoteurTask_Stk      0xc8              robot2.o
OSTCBFreeList       0x2               SOURCE/ucos_ii.o
InRunModeSem        0x2               robot2.o
OSTaskCtr           0x1               SOURCE/ucos_ii.o
OSQTbl              0x1c              SOURCE/ucos_ii.o
OSTCBHighRdy        0x2               SOURCE/ucos_ii.o
OSQFreeList         0x2               SOURCE/ucos_ii.o
UARTEchoSem         0x2               robot2.o
OSRdyGrp            0x1               SOURCE/ucos_ii.o
OSRdyTbl            0x2               SOURCE/ucos_ii.o
dutyValG            0x2               moteur.o
OSEventFreeList     0x2               SOURCE/ucos_ii.o
dutyValD            0x2               moteur.o
OSIntExitY          0x1               SOURCE/ucos_ii.o
IOTask_Stk          0x96              robot2.o
OSIntNesting        0x1               SOURCE/ucos_ii.o
OSTCBCur            0x2               SOURCE/ucos_ii.o
UARTTxSem           0x2               robot2.o
OSTaskIdleStk       0x64              SOURCE/ucos_ii.o
OSEventTbl          0xa0              SOURCE/ucos_ii.o
OSTCBTbl            0xbe              SOURCE/ucos_ii.o
OSFlagFreeList      0x2               SOURCE/ucos_ii.o
OSTCBPrioTbl        0x20              SOURCE/ucos_ii.o
CmdTele_Stk         0x96              robot2.o
pwmPortDREG         0x1               pwm.o

Memory Configuration

Name             Origin             Length             Attributes
text             0x00000000         0x00020000         xr
data             0x00800060         0x0000ffa0         rw !x
eeprom           0x00810000         0x00010000         rw !x
fuse             0x00820000         0x00000400         rw !x
lock             0x00830000         0x00000400         rw !x
signature        0x00840000         0x00000400         rw !x
*default*        0x00000000         0xffffffff

Linker script and memory map

LOAD c:/winavr/bin/../lib/gcc/avr/4.3.2/../../../../avr/lib/avr5/crtm32.o
LOAD robot2.o
LOAD os_cpu_c.o
LOAD pwm.o
LOAD moteur.o
LOAD adc.o
LOAD hardware.o
LOAD SwNLed.o
LOAD watchdog.o
LOAD SOURCE/ucos_ii.o
LOAD c:/winavr/bin/../lib/gcc/avr/4.3.2/../../../../avr/lib/avr5\libprintf_flt.a
LOAD c:/winavr/bin/../lib/gcc/avr/4.3.2/../../../../avr/lib/avr5\libscanf_flt.a
LOAD c:/winavr/bin/../lib/gcc/avr/4.3.2/../../../../avr/lib/avr5\libm.a
LOAD c:/winavr/bin/../lib/gcc/avr/4.3.2/avr5\libgcc.a
LOAD c:/winavr/bin/../lib/gcc/avr/4.3.2/../../../../avr/lib/avr5\libc.a
LOAD c:/winavr/bin/../lib/gcc/avr/4.3.2/avr5\libgcc.a

.hash
 *(.hash)

.dynsym
 *(.dynsym)

.dynstr
 *(.dynstr)

.gnu.version
 *(.gnu.version)

.gnu.version_d
 *(.gnu.version_d)

.gnu.version_r
 *(.gnu.version_r)

.rel.init
 *(.rel.init)

.rela.init
 *(.rela.init)

.rel.text
 *(.rel.text)
 *(.rel.text.*)
 *(.rel.gnu.linkonce.t*)

.rela.text
 *(.rela.text)
 *(.rela.text.*)
 *(.rela.gnu.linkonce.t*)

.rel.fini
 *(.rel.fini)

.rela.fini
 *(.rela.fini)

.rel.rodata
 *(.rel.rodata)
 *(.rel.rodata.*)
 *(.rel.gnu.linkonce.r*)

.rela.rodata
 *(.rela.rodata)
 *(.rela.rodata.*)
 *(.rela.gnu.linkonce.r*)

.rel.data
 *(.rel.data)
 *(.rel.data.*)
 *(.rel.gnu.linkonce.d*)

.rela.data
 *(.rela.data)
 *(.rela.data.*)
 *(.rela.gnu.linkonce.d*)

.rel.ctors
 *(.rel.ctors)

.rela.ctors
 *(.rela.ctors)

.rel.dtors
 *(.rel.dtors)

.rela.dtors
 *(.rela.dtors)

.rel.got
 *(.rel.got)

.rela.got
 *(.rela.got)

.rel.bss
 *(.rel.bss)

.rela.bss
 *(.rela.bss)

.rel.plt
 *(.rel.plt)

.rela.plt
 *(.rela.plt)

.text           0x00000000     0x5116
 *(.vectors)
 .vectors       0x00000000       0x54 c:/winavr/bin/../lib/gcc/avr/4.3.2/../../../../avr/lib/avr5/crtm32.o
                0x00000000                __vectors
                0x00000000                __vector_default
 *(.vectors)
 *(.progmem.gcc*)
 *(.progmem*)
 .progmem.data  0x00000054        0x8 c:/winavr/bin/../lib/gcc/avr/4.3.2/../../../../avr/lib/avr5\libprintf_flt.a(vfprintf_flt.o)
 .progmem.data  0x0000005c       0x4d c:/winavr/bin/../lib/gcc/avr/4.3.2/../../../../avr/lib/avr5\libscanf_flt.a(vfscanf_flt.o)
 .progmem.data  0x000000a9       0xfa c:/winavr/bin/../lib/gcc/avr/4.3.2/../../../../avr/lib/avr5\libc.a(ftoa_engine.o)
                0x000001a4                . = ALIGN (0x2)
 *fill*         0x000001a3        0x1 00
                0x000001a4                __trampolines_start = .
 *(.trampolines)
 .trampolines   0x000001a4        0x0 linker stubs
 *(.trampolines*)
                0x000001a4                __trampolines_end = .
 *(.jumptables)
 *(.jumptables*)
 *(.lowtext)
 *(.lowtext*)
                0x000001a4                __ctors_start = .
 *(.ctors)
                0x000001a4                __ctors_end = .
                0x000001a4                __dtors_start = .
 *(.dtors)
                0x000001a4                __dtors_end = .
 SORT(*)(.ctors)
 SORT(*)(.dtors)
 *(.init0)
 .init0         0x000001a4        0x0 c:/winavr/bin/../lib/gcc/avr/4.3.2/../../../../avr/lib/avr5/crtm32.o
                0x000001a4                __init
 *(.init0)
 *(.init1)
 *(.init1)
 *(.init2)
 .init2         0x000001a4        0xc c:/winavr/bin/../lib/gcc/avr/4.3.2/../../../../avr/lib/avr5/crtm32.o
 *(.init2)
 *(.init3)
 *(.init3)
 *(.init4)
 .init4         0x000001b0       0x16 c:/winavr/bin/../lib/gcc/avr/4.3.2/avr5\libgcc.a(_copy_data.o)
                0x000001b0                __do_copy_data
 .init4         0x000001c6       0x10 c:/winavr/bin/../lib/gcc/avr/4.3.2/avr5\libgcc.a(_clear_bss.o)
                0x000001c6                __do_clear_bss
 *(.init4)
 *(.init5)
 *(.init5)
 *(.init6)
 *(.init6)
 *(.init7)
 *(.init7)
 *(.init8)
 *(.init8)
 *(.init9)
 .init9         0x000001d6        0x8 c:/winavr/bin/../lib/gcc/avr/4.3.2/../../../../avr/lib/avr5/crtm32.o
 *(.init9)
 *(.text)
 .text          0x000001de        0x4 c:/winavr/bin/../lib/gcc/avr/4.3.2/../../../../avr/lib/avr5/crtm32.o
                0x000001de                __vector_1
                0x000001de                __vector_12
                0x000001de                __bad_interrupt
                0x000001de                __vector_6
                0x000001de                __vector_3
                0x000001de                __vector_11
                0x000001de                __vector_17
                0x000001de                __vector_19
                0x000001de                __vector_7
                0x000001de                __vector_5
                0x000001de                __vector_2
                0x000001de                __vector_8
                0x000001de                __vector_14
                0x000001de                __vector_10
                0x000001de                __vector_18
                0x000001de                __vector_20
 .text          0x000001e2      0x3ee robot2.o
                0x0000050e                __vector_13
                0x000001f6                main
                0x00000456                __vector_15
                0x000001e2                InitUART
 .text          0x000005d0      0x2c0 os_cpu_c.o
                0x000007d4                OSTaskCreateHook
                0x000007da                OSTaskStatHook
                0x000007d0                OSInitHookBegin
                0x000007d6                OSTaskDelHook
                0x00000620                OSStartHighRdy
                0x00000680                OSCtxSw
                0x000007e0                OSTimeTickHook
                0x000007de                OSTCBInitHook
                0x000007b2                InitOSTimer
                0x0000073a                OSIntCtxSw
                0x000005d0                OSTaskStkInit
                0x000007e2                __vector_4
                0x000007d2                OSInitHookEnd
                0x000007dc                OSTaskSwHook
                0x000007d8                OSTaskIdleHook
 .text          0x00000890      0x11c pwm.o
                0x00000890                pwmInit
                0x000008c4                __vector_9
                0x000008ae                pwmSetDutyValue
 .text          0x000009ac      0x812 moteur.o
                0x00000f36                moteurControl
                0x00000fdc                moteurSetMode
                0x000009ac                CalculPWM
                0x00000fe2                CalculMoteur
 .text          0x000011be      0x728 adc.o
                0x000011d2                adcStartConversion
                0x000011be                adcInit
                0x000013e2                adcReadCalibValue
                0x000014c0                adcCalibSeq
                0x000011d6                adcCalculateAvg
                0x00001722                __vector_16
 .text          0x000018e6       0x10 hardware.o
                0x000018e6                hwInit
 .text          0x000018f6       0x40 SwNLed.o
                0x000018f6                SLInit
                0x00001918                SLCheckSwStatusStop
                0x00001902                SLCheckSwStatusStart
 .text          0x00001936       0x14 watchdog.o
                0x00001944                WdInit
                0x00001936                WdDisable
 .text          0x0000194a     0x1f9c SOURCE/ucos_ii.o
                0x0000194a                OSIntEnter
                0x000022c0                OS_TCBInit
                0x00001c0c                OSFlagPendGetFlagsRdy
                0x00001ade                OSFlagAccept
                0x000020ac                OSQFlush
                0x00001f54                OSQAccept
                0x00002560                OSTaskCreate
                0x00001dd4                OSMutexAccept
                0x00002c50                OSMutexPend
                0x00003732                OSIntExit
                0x000028d4                OSQPost
                0x00001cdc                OS_FlagUnlink
                0x000023dc                OS_Sched
                0x00001d94                OSMboxQuery
                0x0000268e                OSSemPend
                0x00002f6a                OSMboxPost
                0x0000228c                OS_FlagInit
                0x00002150                OSSemAccept
                0x00001968                OS_EventTaskRdy
                0x00002970                OSQPend
                0x00002506                OSTimeDly
                0x00002636                OSSemPost
                0x00001c28                OSFlagQuery
                0x00003110                OSFlagPost
                0x00001a1e                OS_EventTaskWait
                0x00001e46                OSMutexCreate
                0x000036d8                OSStart
                0x00001fda                OSQCreate
                0x000027c8                OSQPostOpt
                0x00003644                OSTimeTick
                0x00002186                OSSemCreate
                0x00001ef6                OSMutexQuery
                0x000021d6                OSSemQuery
                0x00001bb4                OSFlagCreate
                0x00003222                OSFlagPend
                0x00001d44                OSMboxCreate
                0x00002474                OSTimeDlyResume
                0x00002fba                OSMboxPend
                0x00002afa                OSMutexPost
                0x00001d1c                OSMboxAccept
                0x000037e6                OSInit
                0x00002216                OSTaskQuery
                0x00001a86                OS_EventTO
                0x00002260                OS_QInit
                0x00002ef2                OSMboxPostOpt
                0x00001962                OSVersion
                0x00001ad4                OS_EventWaitListInit
                0x000023a2                OS_TaskIdle
                0x000020d6                OSQQuery
 .text          0x000038e6      0x712 c:/winavr/bin/../lib/gcc/avr/4.3.2/../../../../avr/lib/avr5\libprintf_flt.a(vfprintf_flt.o)
                0x000038e6                vfprintf
 .text          0x00003ff8      0x822 c:/winavr/bin/../lib/gcc/avr/4.3.2/../../../../avr/lib/avr5\libscanf_flt.a(vfscanf_flt.o)
                0x000045c4                vfscanf
 .text          0x0000481a        0x0 c:/winavr/bin/../lib/gcc/avr/4.3.2/../../../../avr/lib/avr5\libm.a(addsf3.o)
 .text          0x0000481a        0x0 c:/winavr/bin/../lib/gcc/avr/4.3.2/../../../../avr/lib/avr5\libm.a(addsf3x.o)
 .text          0x0000481a        0x0 c:/winavr/bin/../lib/gcc/avr/4.3.2/../../../../avr/lib/avr5\libm.a(cmpsf2.o)
 .text          0x0000481a        0x0 c:/winavr/bin/../lib/gcc/avr/4.3.2/../../../../avr/lib/avr5\libm.a(divsf3.o)
 .text          0x0000481a        0x0 c:/winavr/bin/../lib/gcc/avr/4.3.2/../../../../avr/lib/avr5\libm.a(divsf3x.o)
 .text          0x0000481a        0x0 c:/winavr/bin/../lib/gcc/avr/4.3.2/../../../../avr/lib/avr5\libm.a(fixunssfsi.o)
 .text          0x0000481a        0x0 c:/winavr/bin/../lib/gcc/avr/4.3.2/../../../../avr/lib/avr5\libm.a(floatsisf.o)
 .text          0x0000481a        0x0 c:/winavr/bin/../lib/gcc/avr/4.3.2/../../../../avr/lib/avr5\libm.a(fp_cmp.o)
 .text          0x0000481a        0x0 c:/winavr/bin/../lib/gcc/avr/4.3.2/../../../../avr/lib/avr5\libm.a(fp_inf.o)
 .text          0x0000481a        0x0 c:/winavr/bin/../lib/gcc/avr/4.3.2/../../../../avr/lib/avr5\libm.a(fp_nan.o)
 .text          0x0000481a        0x0 c:/winavr/bin/../lib/gcc/avr/4.3.2/../../../../avr/lib/avr5\libm.a(fp_pscA.o)
 .text          0x0000481a        0x0 c:/winavr/bin/../lib/gcc/avr/4.3.2/../../../../avr/lib/avr5\libm.a(fp_pscB.o)
 .text          0x0000481a        0x0 c:/winavr/bin/../lib/gcc/avr/4.3.2/../../../../avr/lib/avr5\libm.a(fp_round.o)
 .text          0x0000481a        0x0 c:/winavr/bin/../lib/gcc/avr/4.3.2/../../../../avr/lib/avr5\libm.a(fp_split3.o)
 .text          0x0000481a        0x0 c:/winavr/bin/../lib/gcc/avr/4.3.2/../../../../avr/lib/avr5\libm.a(fp_zero.o)
 .text          0x0000481a        0x0 c:/winavr/bin/../lib/gcc/avr/4.3.2/../../../../avr/lib/avr5\libm.a(gesf2.o)
 .text          0x0000481a        0x0 c:/winavr/bin/../lib/gcc/avr/4.3.2/../../../../avr/lib/avr5\libm.a(mulsf3.o)
 .text          0x0000481a        0x0 c:/winavr/bin/../lib/gcc/avr/4.3.2/../../../../avr/lib/avr5\libm.a(mulsf3x.o)
 .text          0x0000481a        0x0 c:/winavr/bin/../lib/gcc/avr/4.3.2/avr5\libgcc.a(_divmodsi4.o)
 .text          0x0000481a        0x0 c:/winavr/bin/../lib/gcc/avr/4.3.2/avr5\libgcc.a(_prologue.o)
 .text          0x0000481a        0x0 c:/winavr/bin/../lib/gcc/avr/4.3.2/avr5\libgcc.a(_epilogue.o)
 .text          0x0000481a        0x0 c:/winavr/bin/../lib/gcc/avr/4.3.2/avr5\libgcc.a(_exit.o)
 .text          0x0000481a        0x0 c:/winavr/bin/../lib/gcc/avr/4.3.2/avr5\libgcc.a(_copy_data.o)
 .text          0x0000481a        0x0 c:/winavr/bin/../lib/gcc/avr/4.3.2/avr5\libgcc.a(_clear_bss.o)
 .text          0x0000481a        0x0 c:/winavr/bin/../lib/gcc/avr/4.3.2/avr5\libgcc.a(_udivmodsi4.o)
 .text          0x0000481a      0x1b0 c:/winavr/bin/../lib/gcc/avr/4.3.2/../../../../avr/lib/avr5\libc.a(ftoa_engine.o)
                0x0000481a                __ftoa_engine
 .text          0x000049ca        0x0 c:/winavr/bin/../lib/gcc/avr/4.3.2/../../../../avr/lib/avr5\libc.a(isspace.o)
 .text          0x000049ca        0x0 c:/winavr/bin/../lib/gcc/avr/4.3.2/../../../../avr/lib/avr5\libc.a(tolower.o)
 .text          0x000049ca       0x16 c:/winavr/bin/../lib/gcc/avr/4.3.2/../../../../avr/lib/avr5\libc.a(strchr_P.o)
                0x000049ca                strchr_P
 .text          0x000049e0       0x16 c:/winavr/bin/../lib/gcc/avr/4.3.2/../../../../avr/lib/avr5\libc.a(strnlen_P.o)
                0x000049e0                strnlen_P
 .text          0x000049f6       0x16 c:/winavr/bin/../lib/gcc/avr/4.3.2/../../../../avr/lib/avr5\libc.a(strnlen.o)
                0x000049f6                strnlen
 .text          0x00004a0c       0x84 c:/winavr/bin/../lib/gcc/avr/4.3.2/../../../../avr/lib/avr5\libc.a(fgetc.o)
                0x00004a0c                fgetc
 .text          0x00004a90       0x58 c:/winavr/bin/../lib/gcc/avr/4.3.2/../../../../avr/lib/avr5\libc.a(fputc.o)
                0x00004a90                fputc
 .text          0x00004ae8       0x34 c:/winavr/bin/../lib/gcc/avr/4.3.2/../../../../avr/lib/avr5\libc.a(ungetc.o)
                0x00004ae8                ungetc
 .text          0x00004b1c       0xbc c:/winavr/bin/../lib/gcc/avr/4.3.2/../../../../avr/lib/avr5\libc.a(ultoa_invert.o)
                0x00004b1c                __ultoa_invert
 .text          0x00004bd8        0x0 c:/winavr/bin/../lib/gcc/avr/4.3.2/../../../../avr/lib/avr5\libc.a(cty_isfalse.o)
                0x00004bd8                . = ALIGN (0x2)
 *(.text.*)
 .text.fplib    0x00004bd8        0xa c:/winavr/bin/../lib/gcc/avr/4.3.2/../../../../avr/lib/avr5\libm.a(addsf3.o)
                0x00004bd8                __subsf3
                0x00004bda                __addsf3
 .text.fplib    0x00004be2       0xc0 c:/winavr/bin/../lib/gcc/avr/4.3.2/../../../../avr/lib/avr5\libm.a(addsf3x.o)
                0x00004bfc                __addsf3x
 .text.fplib    0x00004ca2        0x8 c:/winavr/bin/../lib/gcc/avr/4.3.2/../../../../avr/lib/avr5\libm.a(cmpsf2.o)
                0x00004ca2                __lesf2
                0x00004ca2                __nesf2
                0x00004ca2                __eqsf2
                0x00004ca2                __cmpsf2
                0x00004ca2                __ltsf2
 .text.fplib    0x00004caa        0x4 c:/winavr/bin/../lib/gcc/avr/4.3.2/../../../../avr/lib/avr5\libm.a(divsf3.o)
                0x00004caa                __divsf3
 .text.fplib    0x00004cae       0xcc c:/winavr/bin/../lib/gcc/avr/4.3.2/../../../../avr/lib/avr5\libm.a(divsf3x.o)
                0x00004cc4                __divsf3x
                0x00004cc8                __divsf3_pse
 .text.fplib    0x00004d7a       0x58 c:/winavr/bin/../lib/gcc/avr/4.3.2/../../../../avr/lib/avr5\libm.a(fixunssfsi.o)
                0x00004d7a                __fixunssfsi
 .text.fplib    0x00004dd2       0x7a c:/winavr/bin/../lib/gcc/avr/4.3.2/../../../../avr/lib/avr5\libm.a(floatsisf.o)
                0x00004dd6                __floatsisf
                0x00004dd2                __floatunsisf
 .text.fplib    0x00004e4c       0x48 c:/winavr/bin/../lib/gcc/avr/4.3.2/../../../../avr/lib/avr5\libm.a(fp_cmp.o)
                0x00004e4c                __fp_cmp
 .text.fplib    0x00004e94        0xc c:/winavr/bin/../lib/gcc/avr/4.3.2/../../../../avr/lib/avr5\libm.a(fp_inf.o)
                0x00004e94                __fp_inf
 .text.fplib    0x00004ea0        0x6 c:/winavr/bin/../lib/gcc/avr/4.3.2/../../../../avr/lib/avr5\libm.a(fp_nan.o)
                0x00004ea0                __fp_nan
 .text.fplib    0x00004ea6        0xe c:/winavr/bin/../lib/gcc/avr/4.3.2/../../../../avr/lib/avr5\libm.a(fp_pscA.o)
                0x00004ea6                __fp_pscA
 .text.fplib    0x00004eb4        0xe c:/winavr/bin/../lib/gcc/avr/4.3.2/../../../../avr/lib/avr5\libm.a(fp_pscB.o)
                0x00004eb4                __fp_pscB
 .text.fplib    0x00004ec2       0x22 c:/winavr/bin/../lib/gcc/avr/4.3.2/../../../../avr/lib/avr5\libm.a(fp_round.o)
                0x00004ec2                __fp_round
 .text.fplib    0x00004ee4       0x44 c:/winavr/bin/../lib/gcc/avr/4.3.2/../../../../avr/lib/avr5\libm.a(fp_split3.o)
                0x00004ee4                __fp_split3
                0x00004ef4                __fp_splitA
 .text.fplib    0x00004f28        0xe c:/winavr/bin/../lib/gcc/avr/4.3.2/../../../../avr/lib/avr5\libm.a(fp_zero.o)
                0x00004f28                __fp_zero
                0x00004f2a                __fp_szero
 .text.fplib    0x00004f36        0x8 c:/winavr/bin/../lib/gcc/avr/4.3.2/../../../../avr/lib/avr5\libm.a(gesf2.o)
                0x00004f36                __gtsf2
                0x00004f36                __gesf2
 .text.fplib    0x00004f3e        0x4 c:/winavr/bin/../lib/gcc/avr/4.3.2/../../../../avr/lib/avr5\libm.a(mulsf3.o)
                0x00004f3e                __mulsf3
 .text.fplib    0x00004f42       0xc2 c:/winavr/bin/../lib/gcc/avr/4.3.2/../../../../avr/lib/avr5\libm.a(mulsf3x.o)
                0x00004f5a                __mulsf3_pse
                0x00004f56                __mulsf3x
 .text.libgcc   0x00005004       0x36 c:/winavr/bin/../lib/gcc/avr/4.3.2/avr5\libgcc.a(_divmodsi4.o)
                0x00005004                __divmodsi4
 .text.libgcc   0x0000503a       0x38 c:/winavr/bin/../lib/gcc/avr/4.3.2/avr5\libgcc.a(_prologue.o)
                0x0000503a                __prologue_saves__
 .text.libgcc   0x00005072       0x36 c:/winavr/bin/../lib/gcc/avr/4.3.2/avr5\libgcc.a(_epilogue.o)
                0x00005072                __epilogue_restores__
 .text.libgcc   0x000050a8        0x0 c:/winavr/bin/../lib/gcc/avr/4.3.2/avr5\libgcc.a(_exit.o)
 .text.libgcc   0x000050a8        0x0 c:/winavr/bin/../lib/gcc/avr/4.3.2/avr5\libgcc.a(_copy_data.o)
 .text.libgcc   0x000050a8        0x0 c:/winavr/bin/../lib/gcc/avr/4.3.2/avr5\libgcc.a(_clear_bss.o)
 .text.libgcc   0x000050a8       0x44 c:/winavr/bin/../lib/gcc/avr/4.3.2/avr5\libgcc.a(_udivmodsi4.o)
                0x000050a8                __udivmodsi4
 .text.ctype    0x000050ec       0x10 c:/winavr/bin/../lib/gcc/avr/4.3.2/../../../../avr/lib/avr5\libc.a(isspace.o)
                0x000050ec                isspace
 .text.ctype    0x000050fc       0x10 c:/winavr/bin/../lib/gcc/avr/4.3.2/../../../../avr/lib/avr5\libc.a(tolower.o)
                0x000050fc                tolower
 .text.ctype    0x0000510c        0x6 c:/winavr/bin/../lib/gcc/avr/4.3.2/../../../../avr/lib/avr5\libc.a(cty_isfalse.o)
                0x00005110                __ctype_istrue
                0x0000510c                __ctype_isfalse
                0x00005112                . = ALIGN (0x2)
 *(.fini9)
 .fini9         0x00005112        0x0 c:/winavr/bin/../lib/gcc/avr/4.3.2/avr5\libgcc.a(_exit.o)
                0x00005112                exit
                0x00005112                _exit
 *(.fini9)
 *(.fini8)
 *(.fini8)
 *(.fini7)
 *(.fini7)
 *(.fini6)
 *(.fini6)
 *(.fini5)
 *(.fini5)
 *(.fini4)
 *(.fini4)
 *(.fini3)
 *(.fini3)
 *(.fini2)
 *(.fini2)
 *(.fini1)
 *(.fini1)
 *(.fini0)
 .fini0         0x00005112        0x4 c:/winavr/bin/../lib/gcc/avr/4.3.2/avr5\libgcc.a(_exit.o)
 *(.fini0)
                0x00005116                _etext = .

.data           0x00800060      0x11c load address 0x00005116
                0x00800060                PROVIDE (__data_start, .)
 *(.data)
 .data          0x00800060        0x0 c:/winavr/bin/../lib/gcc/avr/4.3.2/../../../../avr/lib/avr5/crtm32.o
 .data          0x00800060        0x0 robot2.o
 .data          0x00800060        0x0 os_cpu_c.o
 .data          0x00800060        0x2 pwm.o
                0x00800060                period
 .data          0x00800062        0x0 moteur.o
 .data          0x00800062       0x10 adc.o
                0x0080006a                adcCalibMaxValDP
                0x00800062                adcCalibMaxValGP
                0x0080006e                adcCalibMaxValDM
                0x00800066                adcCalibMaxValGM
 .data          0x00800072        0x0 hardware.o
 .data          0x00800072        0x0 SwNLed.o
 .data          0x00800072        0x0 watchdog.o
 .data          0x00800072      0x10a SOURCE/ucos_ii.o
                0x00800072                OSMapTbl
                0x0080007a                OSUnMapTbl
                0x0080017a                OSDebugEn
 .data          0x0080017c        0x0 c:/winavr/bin/../lib/gcc/avr/4.3.2/../../../../avr/lib/avr5\libprintf_flt.a(vfprintf_flt.o)
 .data          0x0080017c        0x0 c:/winavr/bin/../lib/gcc/avr/4.3.2/../../../../avr/lib/avr5\libscanf_flt.a(vfscanf_flt.o)
 .data          0x0080017c        0x0 c:/winavr/bin/../lib/gcc/avr/4.3.2/../../../../avr/lib/avr5\libm.a(addsf3.o)
 .data          0x0080017c        0x0 c:/winavr/bin/../lib/gcc/avr/4.3.2/../../../../avr/lib/avr5\libm.a(addsf3x.o)
 .data          0x0080017c        0x0 c:/winavr/bin/../lib/gcc/avr/4.3.2/../../../../avr/lib/avr5\libm.a(cmpsf2.o)
 .data          0x0080017c        0x0 c:/winavr/bin/../lib/gcc/avr/4.3.2/../../../../avr/lib/avr5\libm.a(divsf3.o)
 .data          0x0080017c        0x0 c:/winavr/bin/../lib/gcc/avr/4.3.2/../../../../avr/lib/avr5\libm.a(divsf3x.o)
 .data          0x0080017c        0x0 c:/winavr/bin/../lib/gcc/avr/4.3.2/../../../../avr/lib/avr5\libm.a(fixunssfsi.o)
 .data          0x0080017c        0x0 c:/winavr/bin/../lib/gcc/avr/4.3.2/../../../../avr/lib/avr5\libm.a(floatsisf.o)
 .data          0x0080017c        0x0 c:/winavr/bin/../lib/gcc/avr/4.3.2/../../../../avr/lib/avr5\libm.a(fp_cmp.o)
 .data          0x0080017c        0x0 c:/winavr/bin/../lib/gcc/avr/4.3.2/../../../../avr/lib/avr5\libm.a(fp_inf.o)
 .data          0x0080017c        0x0 c:/winavr/bin/../lib/gcc/avr/4.3.2/../../../../avr/lib/avr5\libm.a(fp_nan.o)
 .data          0x0080017c        0x0 c:/winavr/bin/../lib/gcc/avr/4.3.2/../../../../avr/lib/avr5\libm.a(fp_pscA.o)
 .data          0x0080017c        0x0 c:/winavr/bin/../lib/gcc/avr/4.3.2/../../../../avr/lib/avr5\libm.a(fp_pscB.o)
 .data          0x0080017c        0x0 c:/winavr/bin/../lib/gcc/avr/4.3.2/../../../../avr/lib/avr5\libm.a(fp_round.o)
 .data          0x0080017c        0x0 c:/winavr/bin/../lib/gcc/avr/4.3.2/../../../../avr/lib/avr5\libm.a(fp_split3.o)
 .data          0x0080017c        0x0 c:/winavr/bin/../lib/gcc/avr/4.3.2/../../../../avr/lib/avr5\libm.a(fp_zero.o)
 .data          0x0080017c        0x0 c:/winavr/bin/../lib/gcc/avr/4.3.2/../../../../avr/lib/avr5\libm.a(gesf2.o)
 .data          0x0080017c        0x0 c:/winavr/bin/../lib/gcc/avr/4.3.2/../../../../avr/lib/avr5\libm.a(mulsf3.o)
 .data          0x0080017c        0x0 c:/winavr/bin/../lib/gcc/avr/4.3.2/../../../../avr/lib/avr5\libm.a(mulsf3x.o)
 .data          0x0080017c        0x0 c:/winavr/bin/../lib/gcc/avr/4.3.2/avr5\libgcc.a(_divmodsi4.o)
 .data          0x0080017c        0x0 c:/winavr/bin/../lib/gcc/avr/4.3.2/avr5\libgcc.a(_prologue.o)
 .data          0x0080017c        0x0 c:/winavr/bin/../lib/gcc/avr/4.3.2/avr5\libgcc.a(_epilogue.o)
 .data          0x0080017c        0x0 c:/winavr/bin/../lib/gcc/avr/4.3.2/avr5\libgcc.a(_exit.o)
 .data          0x0080017c        0x0 c:/winavr/bin/../lib/gcc/avr/4.3.2/avr5\libgcc.a(_copy_data.o)
 .data          0x0080017c        0x0 c:/winavr/bin/../lib/gcc/avr/4.3.2/avr5\libgcc.a(_clear_bss.o)
 .data          0x0080017c        0x0 c:/winavr/bin/../lib/gcc/avr/4.3.2/avr5\libgcc.a(_udivmodsi4.o)
 .data          0x0080017c        0x0 c:/winavr/bin/../lib/gcc/avr/4.3.2/../../../../avr/lib/avr5\libc.a(ftoa_engine.o)
 .data          0x0080017c        0x0 c:/winavr/bin/../lib/gcc/avr/4.3.2/../../../../avr/lib/avr5\libc.a(isspace.o)
 .data          0x0080017c        0x0 c:/winavr/bin/../lib/gcc/avr/4.3.2/../../../../avr/lib/avr5\libc.a(tolower.o)
 .data          0x0080017c        0x0 c:/winavr/bin/../lib/gcc/avr/4.3.2/../../../../avr/lib/avr5\libc.a(strchr_P.o)
 .data          0x0080017c        0x0 c:/winavr/bin/../lib/gcc/avr/4.3.2/../../../../avr/lib/avr5\libc.a(strnlen_P.o)
 .data          0x0080017c        0x0 c:/winavr/bin/../lib/gcc/avr/4.3.2/../../../../avr/lib/avr5\libc.a(strnlen.o)
 .data          0x0080017c        0x0 c:/winavr/bin/../lib/gcc/avr/4.3.2/../../../../avr/lib/avr5\libc.a(fgetc.o)
 .data          0x0080017c        0x0 c:/winavr/bin/../lib/gcc/avr/4.3.2/../../../../avr/lib/avr5\libc.a(fputc.o)
 .data          0x0080017c        0x0 c:/winavr/bin/../lib/gcc/avr/4.3.2/../../../../avr/lib/avr5\libc.a(ungetc.o)
 .data          0x0080017c        0x0 c:/winavr/bin/../lib/gcc/avr/4.3.2/../../../../avr/lib/avr5\libc.a(ultoa_invert.o)
 .data          0x0080017c        0x0 c:/winavr/bin/../lib/gcc/avr/4.3.2/../../../../avr/lib/avr5\libc.a(cty_isfalse.o)
 *(.data*)
 *(.rodata)
 *(.rodata*)
 *(.gnu.linkonce.d*)
                0x0080017c                . = ALIGN (0x2)
                0x0080017c                _edata = .
                0x0080017c                PROVIDE (__data_end, .)

.bss            0x0080017c      0x4a6
                0x0080017c                PROVIDE (__bss_start, .)
 *(.bss)
 .bss           0x0080017c        0x0 c:/winavr/bin/../lib/gcc/avr/4.3.2/../../../../avr/lib/avr5/crtm32.o
 .bss           0x0080017c        0x3 robot2.o
                0x0080017e                tpRx
                0x0080017c                AngleD
                0x0080017d                VitesseD
 .bss           0x0080017f        0x0 os_cpu_c.o
 .bss           0x0080017f        0x5 pwm.o
                0x00800181                pwmOCR1B_value
                0x0080017f                pwmOCR1A_value
                0x00800183                counter
 .bss           0x00800184       0x3f moteur.o
                0x00800184                lastVitesse
                0x00800193                mVg
                0x0080019f                mDuty_D
                0x0080018b                mVitesse_D
                0x0080019b                mDuty_G
                0x00800185                lastAngle
                0x00800186                lastVitG
                0x0080018f                mAngle_D
                0x0080018a                mMode
                0x00800188                lastVitD
                0x00800197                mVd
 .bss           0x008001c3       0x28 adc.o
                0x008001c4                adcMoteurGAvg
                0x008001d0                adcNbSamplesD
                0x008001db                adcCalibMinValGP
                0x008001c3                adcMuxState
                0x008001d9                adcMotMskVarD
                0x008001e3                adcCalibMinValDP
                0x008001d8                adcUpdateSetting
                0x008001cc                adcNbSamplesG
                0x008001da                adcMotMskVarG
                0x008001d4                Mcounter
                0x008001c8                adcMoteurDAvg
                0x008001df                adcCalibMinValGM
                0x008001e7                adcCalibMinValDM
                0x008001d6                adcValue
 .bss           0x008001eb        0x0 hardware.o
 .bss           0x008001eb        0x0 SwNLed.o
 .bss           0x008001eb        0x0 watchdog.o
 .bss           0x008001eb        0x0 SOURCE/ucos_ii.o
 .bss           0x008001eb        0x0 c:/winavr/bin/../lib/gcc/avr/4.3.2/../../../../avr/lib/avr5\libprintf_flt.a(vfprintf_flt.o)
 .bss           0x008001eb        0x0 c:/winavr/bin/../lib/gcc/avr/4.3.2/../../../../avr/lib/avr5\libscanf_flt.a(vfscanf_flt.o)
 .bss           0x008001eb        0x0 c:/winavr/bin/../lib/gcc/avr/4.3.2/../../../../avr/lib/avr5\libm.a(addsf3.o)
 .bss           0x008001eb        0x0 c:/winavr/bin/../lib/gcc/avr/4.3.2/../../../../avr/lib/avr5\libm.a(addsf3x.o)
 .bss           0x008001eb        0x0 c:/winavr/bin/../lib/gcc/avr/4.3.2/../../../../avr/lib/avr5\libm.a(cmpsf2.o)
 .bss           0x008001eb        0x0 c:/winavr/bin/../lib/gcc/avr/4.3.2/../../../../avr/lib/avr5\libm.a(divsf3.o)
 .bss           0x008001eb        0x0 c:/winavr/bin/../lib/gcc/avr/4.3.2/../../../../avr/lib/avr5\libm.a(divsf3x.o)
 .bss           0x008001eb        0x0 c:/winavr/bin/../lib/gcc/avr/4.3.2/../../../../avr/lib/avr5\libm.a(fixunssfsi.o)
 .bss           0x008001eb        0x0 c:/winavr/bin/../lib/gcc/avr/4.3.2/../../../../avr/lib/avr5\libm.a(floatsisf.o)
 .bss           0x008001eb        0x0 c:/winavr/bin/../lib/gcc/avr/4.3.2/../../../../avr/lib/avr5\libm.a(fp_cmp.o)
 .bss           0x008001eb        0x0 c:/winavr/bin/../lib/gcc/avr/4.3.2/../../../../avr/lib/avr5\libm.a(fp_inf.o)
 .bss           0x008001eb        0x0 c:/winavr/bin/../lib/gcc/avr/4.3.2/../../../../avr/lib/avr5\libm.a(fp_nan.o)
 .bss           0x008001eb        0x0 c:/winavr/bin/../lib/gcc/avr/4.3.2/../../../../avr/lib/avr5\libm.a(fp_pscA.o)
 .bss           0x008001eb        0x0 c:/winavr/bin/../lib/gcc/avr/4.3.2/../../../../avr/lib/avr5\libm.a(fp_pscB.o)
 .bss           0x008001eb        0x0 c:/winavr/bin/../lib/gcc/avr/4.3.2/../../../../avr/lib/avr5\libm.a(fp_round.o)
 .bss           0x008001eb        0x0 c:/winavr/bin/../lib/gcc/avr/4.3.2/../../../../avr/lib/avr5\libm.a(fp_split3.o)
 .bss           0x008001eb        0x0 c:/winavr/bin/../lib/gcc/avr/4.3.2/../../../../avr/lib/avr5\libm.a(fp_zero.o)
 .bss           0x008001eb        0x0 c:/winavr/bin/../lib/gcc/avr/4.3.2/../../../../avr/lib/avr5\libm.a(gesf2.o)
 .bss           0x008001eb        0x0 c:/winavr/bin/../lib/gcc/avr/4.3.2/../../../../avr/lib/avr5\libm.a(mulsf3.o)
 .bss           0x008001eb        0x0 c:/winavr/bin/../lib/gcc/avr/4.3.2/../../../../avr/lib/avr5\libm.a(mulsf3x.o)
 .bss           0x008001eb        0x0 c:/winavr/bin/../lib/gcc/avr/4.3.2/avr5\libgcc.a(_divmodsi4.o)
 .bss           0x008001eb        0x0 c:/winavr/bin/../lib/gcc/avr/4.3.2/avr5\libgcc.a(_prologue.o)
 .bss           0x008001eb        0x0 c:/winavr/bin/../lib/gcc/avr/4.3.2/avr5\libgcc.a(_epilogue.o)
 .bss           0x008001eb        0x0 c:/winavr/bin/../lib/gcc/avr/4.3.2/avr5\libgcc.a(_exit.o)
 .bss           0x008001eb        0x0 c:/winavr/bin/../lib/gcc/avr/4.3.2/avr5\libgcc.a(_copy_data.o)
 .bss           0x008001eb        0x0 c:/winavr/bin/../lib/gcc/avr/4.3.2/avr5\libgcc.a(_clear_bss.o)
 .bss           0x008001eb        0x0 c:/winavr/bin/../lib/gcc/avr/4.3.2/avr5\libgcc.a(_udivmodsi4.o)
 .bss           0x008001eb        0x0 c:/winavr/bin/../lib/gcc/avr/4.3.2/../../../../avr/lib/avr5\libc.a(ftoa_engine.o)
 .bss           0x008001eb        0x0 c:/winavr/bin/../lib/gcc/avr/4.3.2/../../../../avr/lib/avr5\libc.a(isspace.o)
 .bss           0x008001eb        0x0 c:/winavr/bin/../lib/gcc/avr/4.3.2/../../../../avr/lib/avr5\libc.a(tolower.o)
 .bss           0x008001eb        0x0 c:/winavr/bin/../lib/gcc/avr/4.3.2/../../../../avr/lib/avr5\libc.a(strchr_P.o)
 .bss           0x008001eb        0x0 c:/winavr/bin/../lib/gcc/avr/4.3.2/../../../../avr/lib/avr5\libc.a(strnlen_P.o)
 .bss           0x008001eb        0x0 c:/winavr/bin/../lib/gcc/avr/4.3.2/../../../../avr/lib/avr5\libc.a(strnlen.o)
 .bss           0x008001eb        0x0 c:/winavr/bin/../lib/gcc/avr/4.3.2/../../../../avr/lib/avr5\libc.a(fgetc.o)
 .bss           0x008001eb        0x0 c:/winavr/bin/../lib/gcc/avr/4.3.2/../../../../avr/lib/avr5\libc.a(fputc.o)
 .bss           0x008001eb        0x0 c:/winavr/bin/../lib/gcc/avr/4.3.2/../../../../avr/lib/avr5\libc.a(ungetc.o)
 .bss           0x008001eb        0x0 c:/winavr/bin/../lib/gcc/avr/4.3.2/../../../../avr/lib/avr5\libc.a(ultoa_invert.o)
 .bss           0x008001eb        0x0 c:/winavr/bin/../lib/gcc/avr/4.3.2/../../../../avr/lib/avr5\libc.a(cty_isfalse.o)
 *(.bss*)
 *(COMMON)
 COMMON         0x008001eb      0x200 robot2.o
                0x008001eb                CmdTeleSem
                0x008001ed                UARTRxBox
                0x008001ef                MoteurUpdateSem
                0x008001f1                MoteurTask_Stk
                0x008002b9                InRunModeSem
                0x008002bb                UARTEchoSem
                0x008002bd                IOTask_Stk
                0x00800353                UARTTxSem
                0x00800355                CmdTele_Stk
 COMMON         0x008003eb        0x1 pwm.o
                0x008003eb                pwmPortDREG
 COMMON         0x008003ec        0x4 moteur.o
                0x008003ec                dutyValG
                0x008003ee                dutyValD
 COMMON         0x008003f0      0x232 SOURCE/ucos_ii.o
                0x008003f0                OSLockNesting
                0x008003f1                OSRunning
                0x008003f2                OSIdleCtr
                0x008003f6                OSPrioHighRdy
                0x008003f7                OSFlagTbl
                0x0080040b                OSPrioCur
                0x0080040c                OSTCBList
                0x0080040e                OSCtxSwCtr
                0x00800412                OSTCBFreeList
                0x00800414                OSTaskCtr
                0x00800415                OSQTbl
                0x00800431                OSTCBHighRdy
                0x00800433                OSQFreeList
                0x00800435                OSRdyGrp
                0x00800436                OSRdyTbl
                0x00800438                OSEventFreeList
                0x0080043a                OSIntExitY
                0x0080043b                OSIntNesting
                0x0080043c                OSTCBCur
                0x0080043e                OSTaskIdleStk
                0x008004a2                OSEventTbl
                0x00800542                OSTCBTbl
                0x00800600                OSFlagFreeList
                0x00800602                OSTCBPrioTbl
                0x00800622                PROVIDE (__bss_end, .)
                0x00005116                __data_load_start = LOADADDR (.data)
                0x00005232                __data_load_end = (__data_load_start + SIZEOF (.data))

.noinit         0x00800622        0x0
                0x00800622                PROVIDE (__noinit_start, .)
 *(.noinit*)
                0x00800622                PROVIDE (__noinit_end, .)
                0x00800622                _end = .
                0x00800622                PROVIDE (__heap_start, .)

.eeprom         0x00810000        0x0
 *(.eeprom*)
                0x00810000                __eeprom_end = .

.fuse
 *(.fuse)
 *(.lfuse)
 *(.hfuse)
 *(.efuse)

.lock
 *(.lock*)

.signature
 *(.signature*)

.stab
 *(.stab)

.stabstr
 *(.stabstr)

.stab.excl
 *(.stab.excl)

.stab.exclstr
 *(.stab.exclstr)

.stab.index
 *(.stab.index)

.stab.indexstr
 *(.stab.indexstr)

.comment
 *(.comment)

.debug
 *(.debug)

.line
 *(.line)

.debug_srcinfo
 *(.debug_srcinfo)

.debug_sfnames
 *(.debug_sfnames)

.debug_aranges  0x00000000      0x120
 *(.debug_aranges)
 .debug_aranges
                0x00000000       0x20 robot2.o
 .debug_aranges
                0x00000020       0x20 os_cpu_c.o
 .debug_aranges
                0x00000040       0x20 pwm.o
 .debug_aranges
                0x00000060       0x20 moteur.o
 .debug_aranges
                0x00000080       0x20 adc.o
 .debug_aranges
                0x000000a0       0x20 hardware.o
 .debug_aranges
                0x000000c0       0x20 SwNLed.o
 .debug_aranges
                0x000000e0       0x20 watchdog.o
 .debug_aranges
                0x00000100       0x20 SOURCE/ucos_ii.o

.debug_pubnames
                0x00000000      0xab7
 *(.debug_pubnames)
 .debug_pubnames
                0x00000000       0xfb robot2.o
 .debug_pubnames
                0x000000fb      0x11a os_cpu_c.o
 .debug_pubnames
                0x00000215       0x8e pwm.o
 .debug_pubnames
                0x000002a3       0xf5 moteur.o
 .debug_pubnames
                0x00000398      0x1d2 adc.o
 .debug_pubnames
                0x0000056a       0x1d hardware.o
 .debug_pubnames
                0x00000587       0x4e SwNLed.o
 .debug_pubnames
                0x000005d5       0x2b watchdog.o
 .debug_pubnames
                0x00000600      0x4b7 SOURCE/ucos_ii.o

.debug_info     0x00000000     0x2f62
 *(.debug_info)
 .debug_info    0x00000000      0x33d robot2.o
 .debug_info    0x0000033d      0x45a os_cpu_c.o
 .debug_info    0x00000797      0x298 pwm.o
 .debug_info    0x00000a2f      0x39d moteur.o
 .debug_info    0x00000dcc      0x3e9 adc.o
 .debug_info    0x000011b5       0x7c hardware.o
 .debug_info    0x00001231       0xac SwNLed.o
 .debug_info    0x000012dd       0x90 watchdog.o
 .debug_info    0x0000136d     0x1bf5 SOURCE/ucos_ii.o
 *(.gnu.linkonce.wi.*)

.debug_abbrev   0x00000000      0xaf6
 *(.debug_abbrev)
 .debug_abbrev  0x00000000      0x18c robot2.o
 .debug_abbrev  0x0000018c      0x19a os_cpu_c.o
 .debug_abbrev  0x00000326      0x131 pwm.o
 .debug_abbrev  0x00000457      0x140 moteur.o
 .debug_abbrev  0x00000597      0x116 adc.o
 .debug_abbrev  0x000006ad       0x48 hardware.o
 .debug_abbrev  0x000006f5       0x5f SwNLed.o
 .debug_abbrev  0x00000754       0x48 watchdog.o
 .debug_abbrev  0x0000079c      0x35a SOURCE/ucos_ii.o

.debug_line     0x00000000     0x2e9d
 *(.debug_line)
 .debug_line    0x00000000      0x34f robot2.o
 .debug_line    0x0000034f      0x33e os_cpu_c.o
 .debug_line    0x0000068d      0x130 pwm.o
 .debug_line    0x000007bd      0x22b moteur.o
 .debug_line    0x000009e8      0x3a3 adc.o
 .debug_line    0x00000d8b       0x7f hardware.o
 .debug_line    0x00000e0a       0xe7 SwNLed.o
 .debug_line    0x00000ef1       0x87 watchdog.o
 .debug_line    0x00000f78     0x1f25 SOURCE/ucos_ii.o

.debug_frame    0x00000000      0x640
 *(.debug_frame)
 .debug_frame   0x00000000       0x80 robot2.o
 .debug_frame   0x00000080      0x100 os_cpu_c.o
 .debug_frame   0x00000180       0x40 pwm.o
 .debug_frame   0x000001c0       0x50 moteur.o
 .debug_frame   0x00000210       0x70 adc.o
 .debug_frame   0x00000280       0x20 hardware.o
 .debug_frame   0x000002a0       0x40 SwNLed.o
 .debug_frame   0x000002e0       0x30 watchdog.o
 .debug_frame   0x00000310      0x330 SOURCE/ucos_ii.o

.debug_str      0x00000000      0xcb3
 *(.debug_str)
 .debug_str     0x00000000      0x1b1 robot2.o
                                0x1ea (size before relaxing)
 .debug_str     0x000001b1      0x1c7 os_cpu_c.o
                                0x2cb (size before relaxing)
 .debug_str     0x00000378       0x85 pwm.o
                                0x19a (size before relaxing)
 .debug_str     0x000003fd       0xd7 moteur.o
                                0x1bc (size before relaxing)
 .debug_str     0x000004d4      0x1b9 adc.o
                                0x281 (size before relaxing)
 .debug_str     0x0000068d       0x12 hardware.o
                                 0xb4 (size before relaxing)
 .debug_str     0x0000069f       0x39 SwNLed.o
                                 0xdb (size before relaxing)
 .debug_str     0x000006d8       0x1c watchdog.o
                                 0xbe (size before relaxing)
 .debug_str     0x000006f4      0x5bf SOURCE/ucos_ii.o
                                0x7c2 (size before relaxing)

.debug_loc      0x00000000     0x1bdd
 *(.debug_loc)
 .debug_loc     0x00000000       0x83 robot2.o
 .debug_loc     0x00000083       0x30 os_cpu_c.o
 .debug_loc     0x000000b3      0x245 moteur.o
 .debug_loc     0x000002f8      0x1a7 adc.o
 .debug_loc     0x0000049f     0x173e SOURCE/ucos_ii.o

.debug_macinfo
 *(.debug_macinfo)
OUTPUT(robot2.elf elf32-avr)
LOAD linker stubs

Cross Reference Table

Symbol                                            File
AngleD                                            robot2.o
CalculMoteur                                      moteur.o
                                                  robot2.o
CalculPWM                                         moteur.o
CmdTeleSem                                        robot2.o
CmdTele_Stk                                       robot2.o
IOTask_Stk                                        robot2.o
InRunModeSem                                      robot2.o
InitOSTimer                                       os_cpu_c.o
                                                  robot2.o
InitUART                                          robot2.o
Mcounter                                          adc.o
MoteurTask_Stk                                    robot2.o
MoteurUpdateSem                                   pwm.o
                                                  robot2.o
OSCtxSw                                           os_cpu_c.o
                                                  SOURCE/ucos_ii.o
OSCtxSwCtr                                        SOURCE/ucos_ii.o
OSDebugEn                                         SOURCE/ucos_ii.o
OSEventFreeList                                   SOURCE/ucos_ii.o
OSEventTbl                                        SOURCE/ucos_ii.o
OSFlagAccept                                      SOURCE/ucos_ii.o
OSFlagCreate                                      SOURCE/ucos_ii.o
OSFlagFreeList                                    SOURCE/ucos_ii.o
OSFlagPend                                        SOURCE/ucos_ii.o
OSFlagPendGetFlagsRdy                             SOURCE/ucos_ii.o
OSFlagPost                                        SOURCE/ucos_ii.o
OSFlagQuery                                       SOURCE/ucos_ii.o
OSFlagTbl                                         SOURCE/ucos_ii.o
OSIdleCtr                                         SOURCE/ucos_ii.o
OSInit                                            SOURCE/ucos_ii.o
                                                  robot2.o
OSInitHookBegin                                   os_cpu_c.o
                                                  SOURCE/ucos_ii.o
OSInitHookEnd                                     os_cpu_c.o
                                                  SOURCE/ucos_ii.o
OSIntCtxSw                                        os_cpu_c.o
                                                  SOURCE/ucos_ii.o
OSIntEnter                                        SOURCE/ucos_ii.o
OSIntExit                                         SOURCE/ucos_ii.o
                                                  adc.o
                                                  pwm.o
                                                  os_cpu_c.o
                                                  robot2.o
OSIntExitY                                        SOURCE/ucos_ii.o
OSIntNesting                                      SOURCE/ucos_ii.o
                                                  adc.o
                                                  pwm.o
                                                  os_cpu_c.o
                                                  robot2.o
OSLockNesting                                     SOURCE/ucos_ii.o
OSMapTbl                                          SOURCE/ucos_ii.o
OSMboxAccept                                      SOURCE/ucos_ii.o
OSMboxCreate                                      SOURCE/ucos_ii.o
                                                  robot2.o
OSMboxPend                                        SOURCE/ucos_ii.o
                                                  robot2.o
OSMboxPost                                        SOURCE/ucos_ii.o
                                                  robot2.o
OSMboxPostOpt                                     SOURCE/ucos_ii.o
OSMboxQuery                                       SOURCE/ucos_ii.o
OSMutexAccept                                     SOURCE/ucos_ii.o
OSMutexCreate                                     SOURCE/ucos_ii.o
OSMutexPend                                       SOURCE/ucos_ii.o
OSMutexPost                                       SOURCE/ucos_ii.o
OSMutexQuery                                      SOURCE/ucos_ii.o
OSPrioCur                                         SOURCE/ucos_ii.o
                                                  os_cpu_c.o
OSPrioHighRdy                                     SOURCE/ucos_ii.o
                                                  os_cpu_c.o
OSQAccept                                         SOURCE/ucos_ii.o
OSQCreate                                         SOURCE/ucos_ii.o
OSQFlush                                          SOURCE/ucos_ii.o
OSQFreeList                                       SOURCE/ucos_ii.o
OSQPend                                           SOURCE/ucos_ii.o
OSQPost                                           SOURCE/ucos_ii.o
OSQPostOpt                                        SOURCE/ucos_ii.o
OSQQuery                                          SOURCE/ucos_ii.o
OSQTbl                                            SOURCE/ucos_ii.o
OSRdyGrp                                          SOURCE/ucos_ii.o
OSRdyTbl                                          SOURCE/ucos_ii.o
OSRunning                                         SOURCE/ucos_ii.o
                                                  os_cpu_c.o
OSSemAccept                                       SOURCE/ucos_ii.o
                                                  robot2.o
OSSemCreate                                       SOURCE/ucos_ii.o
                                                  robot2.o
OSSemPend                                         SOURCE/ucos_ii.o
                                                  robot2.o
OSSemPost                                         SOURCE/ucos_ii.o
                                                  pwm.o
                                                  robot2.o
OSSemQuery                                        SOURCE/ucos_ii.o
OSStart                                           SOURCE/ucos_ii.o
                                                  robot2.o
OSStartHighRdy                                    os_cpu_c.o
                                                  SOURCE/ucos_ii.o
OSTCBCur                                          SOURCE/ucos_ii.o
                                                  os_cpu_c.o
OSTCBFreeList                                     SOURCE/ucos_ii.o
OSTCBHighRdy                                      SOURCE/ucos_ii.o
                                                  os_cpu_c.o
OSTCBInitHook                                     os_cpu_c.o
                                                  SOURCE/ucos_ii.o
OSTCBList                                         SOURCE/ucos_ii.o
OSTCBPrioTbl                                      SOURCE/ucos_ii.o
OSTCBTbl                                          SOURCE/ucos_ii.o
OSTaskCreate                                      SOURCE/ucos_ii.o
                                                  robot2.o
OSTaskCreateHook                                  os_cpu_c.o
                                                  SOURCE/ucos_ii.o
OSTaskCtr                                         SOURCE/ucos_ii.o
OSTaskDelHook                                     os_cpu_c.o
OSTaskIdleHook                                    os_cpu_c.o
                                                  SOURCE/ucos_ii.o
OSTaskIdleStk                                     SOURCE/ucos_ii.o
OSTaskQuery                                       SOURCE/ucos_ii.o
OSTaskStatHook                                    os_cpu_c.o
OSTaskStkInit                                     os_cpu_c.o
                                                  SOURCE/ucos_ii.o
OSTaskSwHook                                      os_cpu_c.o
OSTimeDly                                         SOURCE/ucos_ii.o
OSTimeDlyResume                                   SOURCE/ucos_ii.o
OSTimeTick                                        SOURCE/ucos_ii.o
                                                  os_cpu_c.o
OSTimeTickHook                                    os_cpu_c.o
                                                  SOURCE/ucos_ii.o
OSUnMapTbl                                        SOURCE/ucos_ii.o
OSVersion                                         SOURCE/ucos_ii.o
OS_EventTO                                        SOURCE/ucos_ii.o
OS_EventTaskRdy                                   SOURCE/ucos_ii.o
OS_EventTaskWait                                  SOURCE/ucos_ii.o
OS_EventWaitListInit                              SOURCE/ucos_ii.o
OS_FlagInit                                       SOURCE/ucos_ii.o
OS_FlagUnlink                                     SOURCE/ucos_ii.o
OS_QInit                                          SOURCE/ucos_ii.o
OS_Sched                                          SOURCE/ucos_ii.o
OS_TCBInit                                        SOURCE/ucos_ii.o
OS_TaskIdle                                       SOURCE/ucos_ii.o
SLCheckSwStatusStart                              SwNLed.o
                                                  robot2.o
SLCheckSwStatusStop                               SwNLed.o
                                                  robot2.o
SLInit                                            SwNLed.o
                                                  robot2.o
UARTEchoSem                                       robot2.o
UARTRxBox                                         robot2.o
UARTTxSem                                         robot2.o
VitesseD                                          robot2.o
WdDisable                                         watchdog.o
                                                  robot2.o
WdInit                                            watchdog.o
                                                  robot2.o
__addsf3                                          c:/winavr/bin/../lib/gcc/avr/4.3.2/../../../../avr/lib/avr5\libm.a(addsf3.o)
                                                  moteur.o
__addsf3x                                         c:/winavr/bin/../lib/gcc/avr/4.3.2/../../../../avr/lib/avr5\libm.a(addsf3x.o)
                                                  c:/winavr/bin/../lib/gcc/avr/4.3.2/../../../../avr/lib/avr5\libm.a(addsf3.o)
__bad_interrupt                                   c:/winavr/bin/../lib/gcc/avr/4.3.2/../../../../avr/lib/avr5/crtm32.o
__bss_end                                         c:/winavr/bin/../lib/gcc/avr/4.3.2/avr5\libgcc.a(_clear_bss.o)
__bss_start                                       c:/winavr/bin/../lib/gcc/avr/4.3.2/avr5\libgcc.a(_clear_bss.o)
__cmpsf2                                          c:/winavr/bin/../lib/gcc/avr/4.3.2/../../../../avr/lib/avr5\libm.a(cmpsf2.o)
__ctype_isfalse                                   c:/winavr/bin/../lib/gcc/avr/4.3.2/../../../../avr/lib/avr5\libc.a(cty_isfalse.o)
                                                  c:/winavr/bin/../lib/gcc/avr/4.3.2/../../../../avr/lib/avr5\libc.a(isspace.o)
__ctype_istrue                                    c:/winavr/bin/../lib/gcc/avr/4.3.2/../../../../avr/lib/avr5\libc.a(cty_isfalse.o)
__data_end                                        c:/winavr/bin/../lib/gcc/avr/4.3.2/avr5\libgcc.a(_copy_data.o)
__data_load_start                                 c:/winavr/bin/../lib/gcc/avr/4.3.2/avr5\libgcc.a(_copy_data.o)
__data_start                                      c:/winavr/bin/../lib/gcc/avr/4.3.2/avr5\libgcc.a(_copy_data.o)
__divmodsi4                                       c:/winavr/bin/../lib/gcc/avr/4.3.2/avr5\libgcc.a(_divmodsi4.o)
                                                  adc.o
__divsf3                                          c:/winavr/bin/../lib/gcc/avr/4.3.2/../../../../avr/lib/avr5\libm.a(divsf3.o)
                                                  adc.o
                                                  moteur.o
__divsf3_pse                                      c:/winavr/bin/../lib/gcc/avr/4.3.2/../../../../avr/lib/avr5\libm.a(divsf3x.o)
__divsf3x                                         c:/winavr/bin/../lib/gcc/avr/4.3.2/../../../../avr/lib/avr5\libm.a(divsf3x.o)
                                                  c:/winavr/bin/../lib/gcc/avr/4.3.2/../../../../avr/lib/avr5\libm.a(divsf3.o)
__do_clear_bss                                    c:/winavr/bin/../lib/gcc/avr/4.3.2/avr5\libgcc.a(_clear_bss.o)
                                                  c:/winavr/bin/../lib/gcc/avr/4.3.2/../../../../avr/lib/avr5\libc.a(ungetc.o)
                                                  c:/winavr/bin/../lib/gcc/avr/4.3.2/../../../../avr/lib/avr5\libc.a(fputc.o)
                                                  c:/winavr/bin/../lib/gcc/avr/4.3.2/../../../../avr/lib/avr5\libc.a(fgetc.o)
                                                  c:/winavr/bin/../lib/gcc/avr/4.3.2/../../../../avr/lib/avr5\libscanf_flt.a(vfscanf_flt.o)
                                                  c:/winavr/bin/../lib/gcc/avr/4.3.2/../../../../avr/lib/avr5\libprintf_flt.a(vfprintf_flt.o)
                                                  SOURCE/ucos_ii.o
                                                  watchdog.o
                                                  SwNLed.o
                                                  hardware.o
                                                  adc.o
                                                  moteur.o
                                                  pwm.o
                                                  os_cpu_c.o
                                                  robot2.o
__do_copy_data                                    c:/winavr/bin/../lib/gcc/avr/4.3.2/avr5\libgcc.a(_copy_data.o)
                                                  c:/winavr/bin/../lib/gcc/avr/4.3.2/../../../../avr/lib/avr5\libc.a(ungetc.o)
                                                  c:/winavr/bin/../lib/gcc/avr/4.3.2/../../../../avr/lib/avr5\libc.a(fputc.o)
                                                  c:/winavr/bin/../lib/gcc/avr/4.3.2/../../../../avr/lib/avr5\libc.a(fgetc.o)
                                                  c:/winavr/bin/../lib/gcc/avr/4.3.2/../../../../avr/lib/avr5\libscanf_flt.a(vfscanf_flt.o)
                                                  c:/winavr/bin/../lib/gcc/avr/4.3.2/../../../../avr/lib/avr5\libprintf_flt.a(vfprintf_flt.o)
                                                  SOURCE/ucos_ii.o
                                                  watchdog.o
                                                  SwNLed.o
                                                  hardware.o
                                                  adc.o
                                                  moteur.o
                                                  pwm.o
                                                  os_cpu_c.o
                                                  robot2.o
__epilogue_restores__                             c:/winavr/bin/../lib/gcc/avr/4.3.2/avr5\libgcc.a(_epilogue.o)
                                                  c:/winavr/bin/../lib/gcc/avr/4.3.2/../../../../avr/lib/avr5\libscanf_flt.a(vfscanf_flt.o)
                                                  c:/winavr/bin/../lib/gcc/avr/4.3.2/../../../../avr/lib/avr5\libprintf_flt.a(vfprintf_flt.o)
__eqsf2                                           c:/winavr/bin/../lib/gcc/avr/4.3.2/../../../../avr/lib/avr5\libm.a(cmpsf2.o)
__fixunssfsi                                      c:/winavr/bin/../lib/gcc/avr/4.3.2/../../../../avr/lib/avr5\libm.a(fixunssfsi.o)
                                                  moteur.o
__floatsisf                                       c:/winavr/bin/../lib/gcc/avr/4.3.2/../../../../avr/lib/avr5\libm.a(floatsisf.o)
                                                  adc.o
                                                  moteur.o
__floatunsisf                                     c:/winavr/bin/../lib/gcc/avr/4.3.2/../../../../avr/lib/avr5\libm.a(floatsisf.o)
                                                  c:/winavr/bin/../lib/gcc/avr/4.3.2/../../../../avr/lib/avr5\libscanf_flt.a(vfscanf_flt.o)
                                                  moteur.o
__fp_cmp                                          c:/winavr/bin/../lib/gcc/avr/4.3.2/../../../../avr/lib/avr5\libm.a(fp_cmp.o)
                                                  c:/winavr/bin/../lib/gcc/avr/4.3.2/../../../../avr/lib/avr5\libm.a(gesf2.o)
                                                  c:/winavr/bin/../lib/gcc/avr/4.3.2/../../../../avr/lib/avr5\libm.a(cmpsf2.o)
__fp_inf                                          c:/winavr/bin/../lib/gcc/avr/4.3.2/../../../../avr/lib/avr5\libm.a(fp_inf.o)
                                                  c:/winavr/bin/../lib/gcc/avr/4.3.2/../../../../avr/lib/avr5\libm.a(mulsf3x.o)
                                                  c:/winavr/bin/../lib/gcc/avr/4.3.2/../../../../avr/lib/avr5\libm.a(divsf3x.o)
                                                  c:/winavr/bin/../lib/gcc/avr/4.3.2/../../../../avr/lib/avr5\libm.a(addsf3x.o)
__fp_nan                                          c:/winavr/bin/../lib/gcc/avr/4.3.2/../../../../avr/lib/avr5\libm.a(fp_nan.o)
                                                  c:/winavr/bin/../lib/gcc/avr/4.3.2/../../../../avr/lib/avr5\libm.a(mulsf3x.o)
                                                  c:/winavr/bin/../lib/gcc/avr/4.3.2/../../../../avr/lib/avr5\libm.a(divsf3x.o)
                                                  c:/winavr/bin/../lib/gcc/avr/4.3.2/../../../../avr/lib/avr5\libm.a(addsf3x.o)
__fp_pscA                                         c:/winavr/bin/../lib/gcc/avr/4.3.2/../../../../avr/lib/avr5\libm.a(fp_pscA.o)
                                                  c:/winavr/bin/../lib/gcc/avr/4.3.2/../../../../avr/lib/avr5\libm.a(mulsf3x.o)
                                                  c:/winavr/bin/../lib/gcc/avr/4.3.2/../../../../avr/lib/avr5\libm.a(divsf3x.o)
                                                  c:/winavr/bin/../lib/gcc/avr/4.3.2/../../../../avr/lib/avr5\libm.a(addsf3x.o)
__fp_pscB                                         c:/winavr/bin/../lib/gcc/avr/4.3.2/../../../../avr/lib/avr5\libm.a(fp_pscB.o)
                                                  c:/winavr/bin/../lib/gcc/avr/4.3.2/../../../../avr/lib/avr5\libm.a(mulsf3x.o)
                                                  c:/winavr/bin/../lib/gcc/avr/4.3.2/../../../../avr/lib/avr5\libm.a(divsf3x.o)
                                                  c:/winavr/bin/../lib/gcc/avr/4.3.2/../../../../avr/lib/avr5\libm.a(addsf3x.o)
__fp_round                                        c:/winavr/bin/../lib/gcc/avr/4.3.2/../../../../avr/lib/avr5\libm.a(fp_round.o)
                                                  c:/winavr/bin/../lib/gcc/avr/4.3.2/../../../../avr/lib/avr5\libm.a(mulsf3.o)
                                                  c:/winavr/bin/../lib/gcc/avr/4.3.2/../../../../avr/lib/avr5\libm.a(divsf3.o)
                                                  c:/winavr/bin/../lib/gcc/avr/4.3.2/../../../../avr/lib/avr5\libm.a(addsf3.o)
__fp_split3                                       c:/winavr/bin/../lib/gcc/avr/4.3.2/../../../../avr/lib/avr5\libm.a(fp_split3.o)
                                                  c:/winavr/bin/../lib/gcc/avr/4.3.2/../../../../avr/lib/avr5\libm.a(mulsf3x.o)
                                                  c:/winavr/bin/../lib/gcc/avr/4.3.2/../../../../avr/lib/avr5\libm.a(divsf3x.o)
                                                  c:/winavr/bin/../lib/gcc/avr/4.3.2/../../../../avr/lib/avr5\libm.a(addsf3x.o)
__fp_splitA                                       c:/winavr/bin/../lib/gcc/avr/4.3.2/../../../../avr/lib/avr5\libm.a(fp_split3.o)
                                                  c:/winavr/bin/../lib/gcc/avr/4.3.2/../../../../avr/lib/avr5\libm.a(fixunssfsi.o)
__fp_szero                                        c:/winavr/bin/../lib/gcc/avr/4.3.2/../../../../avr/lib/avr5\libm.a(fp_zero.o)
                                                  c:/winavr/bin/../lib/gcc/avr/4.3.2/../../../../avr/lib/avr5\libm.a(mulsf3x.o)
                                                  c:/winavr/bin/../lib/gcc/avr/4.3.2/../../../../avr/lib/avr5\libm.a(divsf3x.o)
__fp_zero                                         c:/winavr/bin/../lib/gcc/avr/4.3.2/../../../../avr/lib/avr5\libm.a(fp_zero.o)
                                                  c:/winavr/bin/../lib/gcc/avr/4.3.2/../../../../avr/lib/avr5\libm.a(fixunssfsi.o)
                                                  c:/winavr/bin/../lib/gcc/avr/4.3.2/../../../../avr/lib/avr5\libm.a(addsf3x.o)
__ftoa_engine                                     c:/winavr/bin/../lib/gcc/avr/4.3.2/../../../../avr/lib/avr5\libc.a(ftoa_engine.o)
                                                  c:/winavr/bin/../lib/gcc/avr/4.3.2/../../../../avr/lib/avr5\libprintf_flt.a(vfprintf_flt.o)
__gesf2                                           c:/winavr/bin/../lib/gcc/avr/4.3.2/../../../../avr/lib/avr5\libm.a(gesf2.o)
                                                  moteur.o
__gtsf2                                           c:/winavr/bin/../lib/gcc/avr/4.3.2/../../../../avr/lib/avr5\libm.a(gesf2.o)
                                                  moteur.o
__heap_end                                        c:/winavr/bin/../lib/gcc/avr/4.3.2/../../../../avr/lib/avr5/crtm32.o
__init                                            c:/winavr/bin/../lib/gcc/avr/4.3.2/../../../../avr/lib/avr5/crtm32.o
__lesf2                                           c:/winavr/bin/../lib/gcc/avr/4.3.2/../../../../avr/lib/avr5\libm.a(cmpsf2.o)
                                                  moteur.o
__ltsf2                                           c:/winavr/bin/../lib/gcc/avr/4.3.2/../../../../avr/lib/avr5\libm.a(cmpsf2.o)
                                                  moteur.o
__mulsf3                                          c:/winavr/bin/../lib/gcc/avr/4.3.2/../../../../avr/lib/avr5\libm.a(mulsf3.o)
                                                  c:/winavr/bin/../lib/gcc/avr/4.3.2/../../../../avr/lib/avr5\libscanf_flt.a(vfscanf_flt.o)
                                                  moteur.o
__mulsf3_pse                                      c:/winavr/bin/../lib/gcc/avr/4.3.2/../../../../avr/lib/avr5\libm.a(mulsf3x.o)
__mulsf3x                                         c:/winavr/bin/../lib/gcc/avr/4.3.2/../../../../avr/lib/avr5\libm.a(mulsf3x.o)
                                                  c:/winavr/bin/../lib/gcc/avr/4.3.2/../../../../avr/lib/avr5\libm.a(mulsf3.o)
__nesf2                                           c:/winavr/bin/../lib/gcc/avr/4.3.2/../../../../avr/lib/avr5\libm.a(cmpsf2.o)
__prologue_saves__                                c:/winavr/bin/../lib/gcc/avr/4.3.2/avr5\libgcc.a(_prologue.o)
                                                  c:/winavr/bin/../lib/gcc/avr/4.3.2/../../../../avr/lib/avr5\libscanf_flt.a(vfscanf_flt.o)
                                                  c:/winavr/bin/../lib/gcc/avr/4.3.2/../../../../avr/lib/avr5\libprintf_flt.a(vfprintf_flt.o)
__stack                                           c:/winavr/bin/../lib/gcc/avr/4.3.2/../../../../avr/lib/avr5/crtm32.o
__subsf3                                          c:/winavr/bin/../lib/gcc/avr/4.3.2/../../../../avr/lib/avr5\libm.a(addsf3.o)
                                                  moteur.o
__udivmodsi4                                      c:/winavr/bin/../lib/gcc/avr/4.3.2/avr5\libgcc.a(_udivmodsi4.o)
                                                  c:/winavr/bin/../lib/gcc/avr/4.3.2/avr5\libgcc.a(_divmodsi4.o)
__ultoa_invert                                    c:/winavr/bin/../lib/gcc/avr/4.3.2/../../../../avr/lib/avr5\libc.a(ultoa_invert.o)
                                                  c:/winavr/bin/../lib/gcc/avr/4.3.2/../../../../avr/lib/avr5\libprintf_flt.a(vfprintf_flt.o)
__vector_1                                        c:/winavr/bin/../lib/gcc/avr/4.3.2/../../../../avr/lib/avr5/crtm32.o
__vector_10                                       c:/winavr/bin/../lib/gcc/avr/4.3.2/../../../../avr/lib/avr5/crtm32.o
__vector_11                                       c:/winavr/bin/../lib/gcc/avr/4.3.2/../../../../avr/lib/avr5/crtm32.o
__vector_12                                       c:/winavr/bin/../lib/gcc/avr/4.3.2/../../../../avr/lib/avr5/crtm32.o
__vector_13                                       robot2.o
                                                  c:/winavr/bin/../lib/gcc/avr/4.3.2/../../../../avr/lib/avr5/crtm32.o
__vector_14                                       c:/winavr/bin/../lib/gcc/avr/4.3.2/../../../../avr/lib/avr5/crtm32.o
__vector_15                                       robot2.o
                                                  c:/winavr/bin/../lib/gcc/avr/4.3.2/../../../../avr/lib/avr5/crtm32.o
__vector_16                                       adc.o
                                                  c:/winavr/bin/../lib/gcc/avr/4.3.2/../../../../avr/lib/avr5/crtm32.o
__vector_17                                       c:/winavr/bin/../lib/gcc/avr/4.3.2/../../../../avr/lib/avr5/crtm32.o
__vector_18                                       c:/winavr/bin/../lib/gcc/avr/4.3.2/../../../../avr/lib/avr5/crtm32.o
__vector_19                                       c:/winavr/bin/../lib/gcc/avr/4.3.2/../../../../avr/lib/avr5/crtm32.o
__vector_2                                        c:/winavr/bin/../lib/gcc/avr/4.3.2/../../../../avr/lib/avr5/crtm32.o
__vector_20                                       c:/winavr/bin/../lib/gcc/avr/4.3.2/../../../../avr/lib/avr5/crtm32.o
__vector_3                                        c:/winavr/bin/../lib/gcc/avr/4.3.2/../../../../avr/lib/avr5/crtm32.o
__vector_4                                        os_cpu_c.o
                                                  c:/winavr/bin/../lib/gcc/avr/4.3.2/../../../../avr/lib/avr5/crtm32.o
__vector_5                                        c:/winavr/bin/../lib/gcc/avr/4.3.2/../../../../avr/lib/avr5/crtm32.o
__vector_6                                        c:/winavr/bin/../lib/gcc/avr/4.3.2/../../../../avr/lib/avr5/crtm32.o
__vector_7                                        c:/winavr/bin/../lib/gcc/avr/4.3.2/../../../../avr/lib/avr5/crtm32.o
__vector_8                                        c:/winavr/bin/../lib/gcc/avr/4.3.2/../../../../avr/lib/avr5/crtm32.o
__vector_9                                        pwm.o
                                                  c:/winavr/bin/../lib/gcc/avr/4.3.2/../../../../avr/lib/avr5/crtm32.o
__vector_default                                  c:/winavr/bin/../lib/gcc/avr/4.3.2/../../../../avr/lib/avr5/crtm32.o
__vectors                                         c:/winavr/bin/../lib/gcc/avr/4.3.2/../../../../avr/lib/avr5/crtm32.o
_exit                                             c:/winavr/bin/../lib/gcc/avr/4.3.2/avr5\libgcc.a(_exit.o)
adcCalculateAvg                                   adc.o
                                                  moteur.o
adcCalibMaxValDM                                  adc.o
adcCalibMaxValDP                                  adc.o
adcCalibMaxValGM                                  adc.o
adcCalibMaxValGP                                  adc.o
adcCalibMinValDM                                  adc.o
adcCalibMinValDP                                  adc.o
adcCalibMinValGM                                  adc.o
adcCalibMinValGP                                  adc.o
adcCalibSeq                                       adc.o
                                                  robot2.o
adcInit                                           adc.o
                                                  robot2.o
adcMotMskVarD                                     adc.o
adcMotMskVarG                                     adc.o
adcMoteurDAvg                                     adc.o
adcMoteurGAvg                                     adc.o
adcMuxState                                       adc.o
adcNbSamplesD                                     adc.o
adcNbSamplesG                                     adc.o
adcReadCalibValue                                 adc.o
adcStartConversion                                adc.o
                                                  robot2.o
adcUpdateSetting                                  adc.o
adcValue                                          adc.o
counter                                           pwm.o
dutyValD                                          moteur.o
dutyValG                                          moteur.o
exit                                              c:/winavr/bin/../lib/gcc/avr/4.3.2/avr5\libgcc.a(_exit.o)
                                                  c:/winavr/bin/../lib/gcc/avr/4.3.2/../../../../avr/lib/avr5/crtm32.o
fgetc                                             c:/winavr/bin/../lib/gcc/avr/4.3.2/../../../../avr/lib/avr5\libc.a(fgetc.o)
                                                  c:/winavr/bin/../lib/gcc/avr/4.3.2/../../../../avr/lib/avr5\libscanf_flt.a(vfscanf_flt.o)
fputc                                             c:/winavr/bin/../lib/gcc/avr/4.3.2/../../../../avr/lib/avr5\libc.a(fputc.o)
                                                  c:/winavr/bin/../lib/gcc/avr/4.3.2/../../../../avr/lib/avr5\libprintf_flt.a(vfprintf_flt.o)
hwInit                                            hardware.o
                                                  robot2.o
isspace                                           c:/winavr/bin/../lib/gcc/avr/4.3.2/../../../../avr/lib/avr5\libc.a(isspace.o)
                                                  c:/winavr/bin/../lib/gcc/avr/4.3.2/../../../../avr/lib/avr5\libscanf_flt.a(vfscanf_flt.o)
lastAngle                                         moteur.o
lastVitD                                          moteur.o
lastVitG                                          moteur.o
lastVitesse                                       moteur.o
mAngle_D                                          moteur.o
mDuty_D                                           moteur.o
mDuty_G                                           moteur.o
mMode                                             moteur.o
mVd                                               moteur.o
mVg                                               moteur.o
mVitesse_D                                        moteur.o
main                                              robot2.o
                                                  c:/winavr/bin/../lib/gcc/avr/4.3.2/../../../../avr/lib/avr5/crtm32.o
moteurControl                                     moteur.o
                                                  robot2.o
moteurSetMode                                     moteur.o
                                                  SwNLed.o
                                                  robot2.o
period                                            pwm.o
pwmInit                                           pwm.o
                                                  robot2.o
pwmOCR1A_value                                    pwm.o
pwmOCR1B_value                                    pwm.o
pwmPortDREG                                       pwm.o
pwmSetDutyValue                                   pwm.o
                                                  moteur.o
strchr_P                                          c:/winavr/bin/../lib/gcc/avr/4.3.2/../../../../avr/lib/avr5\libc.a(strchr_P.o)
                                                  c:/winavr/bin/../lib/gcc/avr/4.3.2/../../../../avr/lib/avr5\libscanf_flt.a(vfscanf_flt.o)
strnlen                                           c:/winavr/bin/../lib/gcc/avr/4.3.2/../../../../avr/lib/avr5\libc.a(strnlen.o)
                                                  c:/winavr/bin/../lib/gcc/avr/4.3.2/../../../../avr/lib/avr5\libprintf_flt.a(vfprintf_flt.o)
strnlen_P                                         c:/winavr/bin/../lib/gcc/avr/4.3.2/../../../../avr/lib/avr5\libc.a(strnlen_P.o)
                                                  c:/winavr/bin/../lib/gcc/avr/4.3.2/../../../../avr/lib/avr5\libprintf_flt.a(vfprintf_flt.o)
tolower                                           c:/winavr/bin/../lib/gcc/avr/4.3.2/../../../../avr/lib/avr5\libc.a(tolower.o)
                                                  c:/winavr/bin/../lib/gcc/avr/4.3.2/../../../../avr/lib/avr5\libscanf_flt.a(vfscanf_flt.o)
tpRx                                              robot2.o
ungetc                                            c:/winavr/bin/../lib/gcc/avr/4.3.2/../../../../avr/lib/avr5\libc.a(ungetc.o)
                                                  c:/winavr/bin/../lib/gcc/avr/4.3.2/../../../../avr/lib/avr5\libscanf_flt.a(vfscanf_flt.o)
vfprintf                                          c:/winavr/bin/../lib/gcc/avr/4.3.2/../../../../avr/lib/avr5\libprintf_flt.a(vfprintf_flt.o)
vfscanf                                           c:/winavr/bin/../lib/gcc/avr/4.3.2/../../../../avr/lib/avr5\libscanf_flt.a(vfscanf_flt.o)
