   1               		.file	"robot2.c"
   2               	__SREG__ = 0x3f
   3               	__SP_H__ = 0x3e
   4               	__SP_L__ = 0x3d
   5               	__CCP__  = 0x34
   6               	__tmp_reg__ = 0
   7               	__zero_reg__ = 1
   8               		.global __do_copy_data
   9               		.global __do_clear_bss
  17               	.Ltext0:
  18               	.global	InitUART
  20               	InitUART:
  21               	.LFB5:
  22               	.LM1:
  23               	/* prologue: function */
  24               	/* frame size = 0 */
  25               	.LM2:
  26 0000 1AB8      		out 42-32,__zero_reg__
  27               	.LM3:
  28 0002 10BC      		out 64-32,__zero_reg__
  29               	.LM4:
  30 0004 87E6      		ldi r24,lo8(103)
  31 0006 89B9      		out 41-32,r24
  32               	.LM5:
  33 0008 1BB8      		out 43-32,__zero_reg__
  34               	.LM6:
  35 000a 86E8      		ldi r24,lo8(-122)
  36 000c 80BD      		out 64-32,r24
  37               	.LM7:
  38 000e 88ED      		ldi r24,lo8(-40)
  39 0010 8AB9      		out 42-32,r24
  40               	/* epilogue start */
  41               	.LM8:
  42 0012 0895      		ret
  43               	.LFE5:
  45               	.global	main
  47               	main:
  48               	.LFB6:
  49               	.LM9:
  50               	/* prologue: function */
  51               	/* frame size = 0 */
  52               	.LM10:
  53               	/* #APP */
  54               	 ;  114 "robot2.c" 1
  55 0014 F894      		cli
  56               	 ;  0 "" 2
  57               	.LM11:
  58               	/* #NOAPP */
  59 0016 0E94 0000 		call OSInit
  60               	.LBB4:
  61               	.LBB5:
  62               	.LM12:
  63 001a 1AB8      		out 42-32,__zero_reg__
  64               	.LM13:
  65 001c 10BC      		out 64-32,__zero_reg__
  66               	.LM14:
  67 001e 87E6      		ldi r24,lo8(103)
  68 0020 89B9      		out 41-32,r24
  69               	.LM15:
  70 0022 1BB8      		out 43-32,__zero_reg__
  71               	.LM16:
  72 0024 86E8      		ldi r24,lo8(-122)
  73 0026 80BD      		out 64-32,r24
  74               	.LM17:
  75 0028 88ED      		ldi r24,lo8(-40)
  76 002a 8AB9      		out 42-32,r24
  77               	.LBE5:
  78               	.LBE4:
  79               	.LM18:
  80 002c 0E94 0000 		call pwmInit
  81               	.LM19:
  82 0030 0E94 0000 		call hwInit
  83               	.LM20:
  84 0034 0E94 0000 		call adcInit
  85               	.LM21:
  86 0038 0E94 0000 		call adcStartConversion
  87               	.LM22:
  88 003c 0E94 0000 		call SLInit
  89               	.LM23:
  90 0040 0E94 0000 		call WdInit
  91               	.LM24:
  92 0044 80E0      		ldi r24,lo8(gs(MoteurTask))
  93 0046 90E0      		ldi r25,hi8(gs(MoteurTask))
  94 0048 60E0      		ldi r22,lo8(0)
  95 004a 70E0      		ldi r23,hi8(0)
  96 004c 40E0      		ldi r20,lo8(MoteurTask_Stk+199)
  97 004e 50E0      		ldi r21,hi8(MoteurTask_Stk+199)
  98 0050 21E0      		ldi r18,lo8(1)
  99 0052 0E94 0000 		call OSTaskCreate
 100               	.LM25:
 101 0056 80E0      		ldi r24,lo8(gs(CmdTeleTask))
 102 0058 90E0      		ldi r25,hi8(gs(CmdTeleTask))
 103 005a 60E0      		ldi r22,lo8(0)
 104 005c 70E0      		ldi r23,hi8(0)
 105 005e 40E0      		ldi r20,lo8(CmdTele_Stk+149)
 106 0060 50E0      		ldi r21,hi8(CmdTele_Stk+149)
 107 0062 22E0      		ldi r18,lo8(2)
 108 0064 0E94 0000 		call OSTaskCreate
 109               	.LM26:
 110 0068 80E0      		ldi r24,lo8(gs(IOTask))
 111 006a 90E0      		ldi r25,hi8(gs(IOTask))
 112 006c 60E0      		ldi r22,lo8(0)
 113 006e 70E0      		ldi r23,hi8(0)
 114 0070 40E0      		ldi r20,lo8(IOTask_Stk+149)
 115 0072 50E0      		ldi r21,hi8(IOTask_Stk+149)
 116 0074 23E0      		ldi r18,lo8(3)
 117 0076 0E94 0000 		call OSTaskCreate
 118               	.LM27:
 119 007a 81E0      		ldi r24,lo8(1)
 120 007c 90E0      		ldi r25,hi8(1)
 121 007e 0E94 0000 		call OSSemCreate
 122 0082 9093 0000 		sts (UARTTxSem)+1,r25
 123 0086 8093 0000 		sts UARTTxSem,r24
 124               	.LM28:
 125 008a 81E0      		ldi r24,lo8(1)
 126 008c 90E0      		ldi r25,hi8(1)
 127 008e 0E94 0000 		call OSSemCreate
 128 0092 9093 0000 		sts (UARTEchoSem)+1,r25
 129 0096 8093 0000 		sts UARTEchoSem,r24
 130               	.LM29:
 131 009a 81E0      		ldi r24,lo8(1)
 132 009c 90E0      		ldi r25,hi8(1)
 133 009e 0E94 0000 		call OSSemCreate
 134 00a2 9093 0000 		sts (MoteurUpdateSem)+1,r25
 135 00a6 8093 0000 		sts MoteurUpdateSem,r24
 136               	.LM30:
 137 00aa 81E0      		ldi r24,lo8(1)
 138 00ac 90E0      		ldi r25,hi8(1)
 139 00ae 0E94 0000 		call OSSemCreate
 140 00b2 9093 0000 		sts (CmdTeleSem)+1,r25
 141 00b6 8093 0000 		sts CmdTeleSem,r24
 142               	.LM31:
 143 00ba 80E0      		ldi r24,lo8(0)
 144 00bc 90E0      		ldi r25,hi8(0)
 145 00be 0E94 0000 		call OSSemCreate
 146 00c2 9093 0000 		sts (InRunModeSem)+1,r25
 147 00c6 8093 0000 		sts InRunModeSem,r24
 148               	.LM32:
 149 00ca 0E94 0000 		call OSStart
 150               	.LM33:
 151 00ce 80E0      		ldi r24,lo8(0)
 152 00d0 90E0      		ldi r25,hi8(0)
 153               	/* epilogue start */
 154 00d2 0895      		ret
 155               	.LFE6:
 158               	IOTask:
 159               	.LFB8:
 160               	.LM34:
 161               	.LVL0:
 162 00d4 DF93      		push r29
 163 00d6 CF93      		push r28
 164 00d8 0F92      		push __tmp_reg__
 165 00da CDB7      		in r28,__SP_L__
 166 00dc DEB7      		in r29,__SP_H__
 167               	/* prologue: function */
 168               	/* frame size = 1 */
 169               	.L17:
 170               	.LM35:
 171 00de 0E94 0000 		call SLCheckSwStatusStart
 172               	.LVL1:
 173 00e2 8823      		tst r24
 174 00e4 01F0      		breq .L17
 175               	.LM36:
 176 00e6 8091 0000 		lds r24,InRunModeSem
 177 00ea 9091 0000 		lds r25,(InRunModeSem)+1
 178 00ee 0E94 0000 		call OSSemPost
 179               	.LM37:
 180 00f2 80E0      		ldi r24,lo8(0)
 181 00f4 0E94 0000 		call moteurSetMode
 182               	.L14:
 183               	.LM38:
 184 00f8 0E94 0000 		call SLCheckSwStatusStop
 185 00fc 8823      		tst r24
 186 00fe 01F0      		breq .L14
 187               	.LM39:
 188 0100 8091 0000 		lds r24,InRunModeSem
 189 0104 9091 0000 		lds r25,(InRunModeSem)+1
 190 0108 60E0      		ldi r22,lo8(0)
 191 010a 70E0      		ldi r23,hi8(0)
 192 010c AE01      		movw r20,r28
 193 010e 4F5F      		subi r20,lo8(-(1))
 194 0110 5F4F      		sbci r21,hi8(-(1))
 195 0112 0E94 0000 		call OSSemPend
 196               	.LM40:
 197 0116 82E0      		ldi r24,lo8(2)
 198 0118 0E94 0000 		call moteurSetMode
 199               	.LM41:
 200 011c 1092 0000 		sts AngleD,__zero_reg__
 201               	.LM42:
 202 0120 1092 0000 		sts VitesseD,__zero_reg__
 203 0124 00C0      		rjmp .L17
 204               	.LFE8:
 207               	CmdTeleTask:
 208               	.LFB7:
 209               	.LM43:
 210               	.LVL2:
 211 0126 EF92      		push r14
 212 0128 FF92      		push r15
 213 012a 0F93      		push r16
 214 012c 1F93      		push r17
 215 012e DF93      		push r29
 216 0130 CF93      		push r28
 217 0132 0F92      		push __tmp_reg__
 218 0134 CDB7      		in r28,__SP_L__
 219 0136 DEB7      		in r29,__SP_H__
 220               	/* prologue: function */
 221               	/* frame size = 1 */
 222               	.LM44:
 223 0138 00E0      		ldi r16,lo8(0)
 224               	.LVL3:
 225               	.LM45:
 226 013a 7E01      		movw r14,r28
 227 013c 0894      		sec
 228 013e E11C      		adc r14,__zero_reg__
 229 0140 F11C      		adc r15,__zero_reg__
 230 0142 00C0      		rjmp .L29
 231               	.LVL4:
 232               	.L31:
 233               	.LM46:
 234 0144 01E0      		ldi r16,lo8(1)
 235               	.LVL5:
 236               	.L29:
 237               	.LM47:
 238 0146 8091 0000 		lds r24,UARTRxBox
 239 014a 9091 0000 		lds r25,(UARTRxBox)+1
 240               	.LVL6:
 241 014e 60E0      		ldi r22,lo8(0)
 242 0150 70E0      		ldi r23,hi8(0)
 243 0152 A701      		movw r20,r14
 244 0154 0E94 0000 		call OSMboxPend
 245 0158 FC01      		movw r30,r24
 246 015a 1081      		ld r17,Z
 247               	.LM48:
 248 015c 0E94 0000 		call WdDisable
 249               	.LM49:
 250 0160 81B5      		in r24,65-32
 251 0162 8F61      		ori r24,lo8(31)
 252 0164 81BD      		out 65-32,r24
 253               	.LM50:
 254 0166 8981      		ldd r24,Y+1
 255 0168 8823      		tst r24
 256 016a 01F4      		brne .L29
 257               	.LVL7:
 258               	.LM51:
 259 016c 8091 0000 		lds r24,UARTEchoSem
 260 0170 9091 0000 		lds r25,(UARTEchoSem)+1
 261               	.LVL8:
 262 0174 0E94 0000 		call OSSemAccept
 263 0178 892B      		or r24,r25
 264 017a 01F0      		breq .L20
 265               	.LM52:
 266 017c 8091 0000 		lds r24,UARTTxSem
 267 0180 9091 0000 		lds r25,(UARTTxSem)+1
 268 0184 60E0      		ldi r22,lo8(0)
 269 0186 70E0      		ldi r23,hi8(0)
 270 0188 A701      		movw r20,r14
 271 018a 0E94 0000 		call OSSemPend
 272               	.LM53:
 273 018e 1CB9      		out 44-32,r17
 274               	.LM54:
 275 0190 8091 0000 		lds r24,UARTEchoSem
 276 0194 9091 0000 		lds r25,(UARTEchoSem)+1
 277 0198 0E94 0000 		call OSSemPost
 278               	.L20:
 279               	.LM55:
 280 019c 8091 0000 		lds r24,InRunModeSem
 281 01a0 9091 0000 		lds r25,(InRunModeSem)+1
 282 01a4 0E94 0000 		call OSSemAccept
 283 01a8 892B      		or r24,r25
 284 01aa 01F0      		breq .L29
 285               	.LM56:
 286 01ac 8091 0000 		lds r24,InRunModeSem
 287 01b0 9091 0000 		lds r25,(InRunModeSem)+1
 288 01b4 0E94 0000 		call OSSemPost
 289               	.LM57:
 290 01b8 0130      		cpi r16,lo8(1)
 291 01ba 01F0      		breq .L22
 292 01bc 0130      		cpi r16,lo8(1)
 293 01be 00F0      		brlo .L21
 294 01c0 0230      		cpi r16,lo8(2)
 295 01c2 01F4      		brne .L29
 296 01c4 00C0      		rjmp .L30
 297               	.L21:
 298               	.LM58:
 299 01c6 103F      		cpi r17,lo8(-16)
 300 01c8 01F4      		brne .L24
 301               	.LM59:
 302 01ca 1092 0000 		sts VitesseD,__zero_reg__
 303               	.LM60:
 304 01ce 82E0      		ldi r24,lo8(2)
 305 01d0 0E94 0000 		call moteurSetMode
 306 01d4 00C0      		rjmp .L29
 307               	.L24:
 308               	.LM61:
 309 01d6 113F      		cpi r17,lo8(-15)
 310 01d8 01F0      		breq .+2
 311 01da 00C0      		rjmp .L29
 312 01dc 00C0      		rjmp .L31
 313               	.L22:
 314               	.LM62:
 315 01de 1093 0000 		sts VitesseD,r17
 316 01e2 02E0      		ldi r16,lo8(2)
 317 01e4 00C0      		rjmp .L29
 318               	.L30:
 319               	.LM63:
 320 01e6 1093 0000 		sts AngleD,r17
 321               	.LM64:
 322 01ea 8091 0000 		lds r24,VitesseD
 323 01ee 612F      		mov r22,r17
 324 01f0 0E94 0000 		call moteurControl
 325               	.LM65:
 326 01f4 80E0      		ldi r24,lo8(0)
 327 01f6 0E94 0000 		call moteurSetMode
 328 01fa 00E0      		ldi r16,lo8(0)
 329 01fc 00C0      		rjmp .L29
 330               	.LFE7:
 333               	MoteurTask:
 334               	.LFB9:
 335               	.LM66:
 336               	.LVL9:
 337 01fe 0F93      		push r16
 338 0200 1F93      		push r17
 339 0202 DF93      		push r29
 340 0204 CF93      		push r28
 341 0206 0F92      		push __tmp_reg__
 342 0208 CDB7      		in r28,__SP_L__
 343 020a DEB7      		in r29,__SP_H__
 344               	/* prologue: function */
 345               	/* frame size = 1 */
 346               	.LM67:
 347               	/* #APP */
 348               	 ;  264 "robot2.c" 1
 349 020c F894      		cli
 350               	 ;  0 "" 2
 351               	.LM68:
 352               	/* #NOAPP */
 353 020e 0E94 0000 		call InitOSTimer
 354               	.LVL10:
 355               	.LM69:
 356 0212 80E0      		ldi r24,lo8(0)
 357 0214 90E0      		ldi r25,hi8(0)
 358 0216 0E94 0000 		call OSMboxCreate
 359 021a 9093 0000 		sts (UARTRxBox)+1,r25
 360 021e 8093 0000 		sts UARTRxBox,r24
 361               	.LM70:
 362               	/* #APP */
 363               	 ;  267 "robot2.c" 1
 364 0222 7894      		sei
 365               	 ;  0 "" 2
 366               	.LM71:
 367               	/* #NOAPP */
 368 0224 0E94 0000 		call adcCalibSeq
 369               	.LM72:
 370 0228 0E94 0000 		call WdDisable
 371               	.LM73:
 372 022c 81B5      		in r24,65-32
 373 022e 8F61      		ori r24,lo8(31)
 374 0230 81BD      		out 65-32,r24
 375               	.LM74:
 376 0232 82E0      		ldi r24,lo8(2)
 377 0234 0E94 0000 		call moteurSetMode
 378               	.LM75:
 379 0238 8E01      		movw r16,r28
 380 023a 0F5F      		subi r16,lo8(-(1))
 381 023c 1F4F      		sbci r17,hi8(-(1))
 382               	.L33:
 383 023e 8091 0000 		lds r24,InRunModeSem
 384 0242 9091 0000 		lds r25,(InRunModeSem)+1
 385 0246 60E0      		ldi r22,lo8(0)
 386 0248 70E0      		ldi r23,hi8(0)
 387 024a A801      		movw r20,r16
 388 024c 0E94 0000 		call OSSemPend
 389               	.LM76:
 390 0250 8091 0000 		lds r24,InRunModeSem
 391 0254 9091 0000 		lds r25,(InRunModeSem)+1
 392 0258 0E94 0000 		call OSSemPost
 393               	.LM77:
 394 025c 8091 0000 		lds r24,MoteurUpdateSem
 395 0260 9091 0000 		lds r25,(MoteurUpdateSem)+1
 396 0264 60E0      		ldi r22,lo8(0)
 397 0266 70E0      		ldi r23,hi8(0)
 398 0268 A801      		movw r20,r16
 399 026a 0E94 0000 		call OSSemPend
 400               	.LM78:
 401 026e 0E94 0000 		call CalculMoteur
 402 0272 00C0      		rjmp .L33
 403               	.LFE9:
 405               	.global	__vector_15
 407               	__vector_15:
 408               	.LFB4:
 409               	.LM79:
 410               	/* prologue: naked */
 411               	/* frame size = 0 */
 412               	.LM80:
 413               	/* #APP */
 414               	 ;  86 "robot2.c" 1
 415 0274 2F93      		PUSH  R18
 416               	 ;  0 "" 2
 417               	 ;  86 "robot2.c" 1
 418 0276 3F93      		PUSH  R19
 419               	 ;  0 "" 2
 420               	 ;  86 "robot2.c" 1
 421 0278 2FB7      		IN    R18,0x3F
 422               	 ;  0 "" 2
 423               	 ;  86 "robot2.c" 1
 424 027a 2068      		ORI   R18,0x80
 425               	 ;  0 "" 2
 426               	 ;  86 "robot2.c" 1
 427 027c 2F93      		PUSH  R18
 428               	 ;  0 "" 2
 429               	 ;  86 "robot2.c" 1
 430 027e 0F92      		PUSH  R0
 431               	 ;  0 "" 2
 432               	 ;  86 "robot2.c" 1
 433 0280 1F92      		PUSH  R1
 434               	 ;  0 "" 2
 435               	 ;  86 "robot2.c" 1
 436 0282 4F93      		PUSH  R20
 437               	 ;  0 "" 2
 438               	 ;  86 "robot2.c" 1
 439 0284 5F93      		PUSH  R21
 440               	 ;  0 "" 2
 441               	 ;  86 "robot2.c" 1
 442 0286 6F93      		PUSH  R22
 443               	 ;  0 "" 2
 444               	 ;  86 "robot2.c" 1
 445 0288 7F93      		PUSH  R23
 446               	 ;  0 "" 2
 447               	 ;  86 "robot2.c" 1
 448 028a 8F93      		PUSH  R24
 449               	 ;  0 "" 2
 450               	 ;  86 "robot2.c" 1
 451 028c 9F93      		PUSH  R25
 452               	 ;  0 "" 2
 453               	 ;  86 "robot2.c" 1
 454 028e AF93      		PUSH  R26
 455               	 ;  0 "" 2
 456               	 ;  86 "robot2.c" 1
 457 0290 BF93      		PUSH  R27
 458               	 ;  0 "" 2
 459               	 ;  86 "robot2.c" 1
 460 0292 EF93      		PUSH  R30
 461               	 ;  0 "" 2
 462               	 ;  86 "robot2.c" 1
 463 0294 FF93      		PUSH  R31
 464               	 ;  0 "" 2
 465               	/* #NOAPP */
 466 0296 8091 0000 		lds r24,OSIntNesting
 467 029a 8823      		tst r24
 468 029c 01F4      		brne .L36
 469               	/* #APP */
 470               	 ;  86 "robot2.c" 1
 471 029e 2F92      		PUSH  R2
 472               	 ;  0 "" 2
 473               	 ;  86 "robot2.c" 1
 474 02a0 3F92      		PUSH  R3
 475               	 ;  0 "" 2
 476               	 ;  86 "robot2.c" 1
 477 02a2 4F92      		PUSH  R4
 478               	 ;  0 "" 2
 479               	 ;  86 "robot2.c" 1
 480 02a4 5F92      		PUSH  R5
 481               	 ;  0 "" 2
 482               	 ;  86 "robot2.c" 1
 483 02a6 6F92      		PUSH  R6
 484               	 ;  0 "" 2
 485               	 ;  86 "robot2.c" 1
 486 02a8 7F92      		PUSH  R7
 487               	 ;  0 "" 2
 488               	 ;  86 "robot2.c" 1
 489 02aa 8F92      		PUSH  R8
 490               	 ;  0 "" 2
 491               	 ;  86 "robot2.c" 1
 492 02ac 9F92      		PUSH  R9
 493               	 ;  0 "" 2
 494               	 ;  86 "robot2.c" 1
 495 02ae AF92      		PUSH  R10
 496               	 ;  0 "" 2
 497               	 ;  86 "robot2.c" 1
 498 02b0 BF92      		PUSH  R11
 499               	 ;  0 "" 2
 500               	 ;  86 "robot2.c" 1
 501 02b2 CF92      		PUSH  R12
 502               	 ;  0 "" 2
 503               	 ;  86 "robot2.c" 1
 504 02b4 DF92      		PUSH  R13
 505               	 ;  0 "" 2
 506               	 ;  86 "robot2.c" 1
 507 02b6 EF92      		PUSH  R14
 508               	 ;  0 "" 2
 509               	 ;  86 "robot2.c" 1
 510 02b8 FF92      		PUSH  R15
 511               	 ;  0 "" 2
 512               	 ;  86 "robot2.c" 1
 513 02ba 0F93      		PUSH  R16
 514               	 ;  0 "" 2
 515               	 ;  86 "robot2.c" 1
 516 02bc 1F93      		PUSH  R17
 517               	 ;  0 "" 2
 518               	 ;  86 "robot2.c" 1
 519 02be CF93      		PUSH  R28
 520               	 ;  0 "" 2
 521               	 ;  86 "robot2.c" 1
 522 02c0 DF93      		PUSH  R29
 523               	 ;  0 "" 2
 524               	/* #NOAPP */
 525               	.L36:
 526 02c2 8F5F      		subi r24,lo8(-(1))
 527 02c4 8093 0000 		sts OSIntNesting,r24
 528               	.LM81:
 529 02c8 C19A      		sbi 56-32,1
 530               	.LM82:
 531 02ca 8091 0000 		lds r24,UARTTxSem
 532 02ce 9091 0000 		lds r25,(UARTTxSem)+1
 533 02d2 0E94 0000 		call OSSemPost
 534               	.LM83:
 535               	/* #APP */
 536               	 ;  89 "robot2.c" 1
 537 02d6 F894      		cli
 538               	 ;  0 "" 2
 539               	/* #NOAPP */
 540 02d8 0E94 0000 		call OSIntExit
 541 02dc 8091 0000 		lds r24,OSIntNesting
 542 02e0 8823      		tst r24
 543 02e2 01F4      		brne .L37
 544               	/* #APP */
 545               	 ;  89 "robot2.c" 1
 546 02e4 DF91      		POP  R29
 547               	 ;  0 "" 2
 548               	 ;  89 "robot2.c" 1
 549 02e6 CF91      		POP  R28
 550               	 ;  0 "" 2
 551               	 ;  89 "robot2.c" 1
 552 02e8 1F91      		POP  R17
 553               	 ;  0 "" 2
 554               	 ;  89 "robot2.c" 1
 555 02ea 0F91      		POP  R16
 556               	 ;  0 "" 2
 557               	 ;  89 "robot2.c" 1
 558 02ec FF90      		POP  R15
 559               	 ;  0 "" 2
 560               	 ;  89 "robot2.c" 1
 561 02ee EF90      		POP  R14
 562               	 ;  0 "" 2
 563               	 ;  89 "robot2.c" 1
 564 02f0 DF90      		POP  R13
 565               	 ;  0 "" 2
 566               	 ;  89 "robot2.c" 1
 567 02f2 CF90      		POP  R12
 568               	 ;  0 "" 2
 569               	 ;  89 "robot2.c" 1
 570 02f4 BF90      		POP  R11
 571               	 ;  0 "" 2
 572               	 ;  89 "robot2.c" 1
 573 02f6 AF90      		POP  R10
 574               	 ;  0 "" 2
 575               	 ;  89 "robot2.c" 1
 576 02f8 9F90      		POP  R9
 577               	 ;  0 "" 2
 578               	 ;  89 "robot2.c" 1
 579 02fa 8F90      		POP  R8
 580               	 ;  0 "" 2
 581               	 ;  89 "robot2.c" 1
 582 02fc 7F90      		POP  R7
 583               	 ;  0 "" 2
 584               	 ;  89 "robot2.c" 1
 585 02fe 6F90      		POP  R6
 586               	 ;  0 "" 2
 587               	 ;  89 "robot2.c" 1
 588 0300 5F90      		POP  R5
 589               	 ;  0 "" 2
 590               	 ;  89 "robot2.c" 1
 591 0302 4F90      		POP  R4
 592               	 ;  0 "" 2
 593               	 ;  89 "robot2.c" 1
 594 0304 3F90      		POP  R3
 595               	 ;  0 "" 2
 596               	 ;  89 "robot2.c" 1
 597 0306 2F90      		POP  R2
 598               	 ;  0 "" 2
 599               	/* #NOAPP */
 600               	.L37:
 601               	/* #APP */
 602               	 ;  89 "robot2.c" 1
 603 0308 FF91      		POP  R31
 604               	 ;  0 "" 2
 605               	 ;  89 "robot2.c" 1
 606 030a EF91      		POP  R30
 607               	 ;  0 "" 2
 608               	 ;  89 "robot2.c" 1
 609 030c BF91      		POP  R27
 610               	 ;  0 "" 2
 611               	 ;  89 "robot2.c" 1
 612 030e AF91      		POP  R26
 613               	 ;  0 "" 2
 614               	 ;  89 "robot2.c" 1
 615 0310 9F91      		POP  R25
 616               	 ;  0 "" 2
 617               	 ;  89 "robot2.c" 1
 618 0312 8F91      		POP  R24
 619               	 ;  0 "" 2
 620               	 ;  89 "robot2.c" 1
 621 0314 7F91      		POP  R23
 622               	 ;  0 "" 2
 623               	 ;  89 "robot2.c" 1
 624 0316 6F91      		POP  R22
 625               	 ;  0 "" 2
 626               	 ;  89 "robot2.c" 1
 627 0318 5F91      		POP  R21
 628               	 ;  0 "" 2
 629               	 ;  89 "robot2.c" 1
 630 031a 4F91      		POP  R20
 631               	 ;  0 "" 2
 632               	 ;  89 "robot2.c" 1
 633 031c 1F90      		POP  R1
 634               	 ;  0 "" 2
 635               	 ;  89 "robot2.c" 1
 636 031e 0F90      		POP  R0
 637               	 ;  0 "" 2
 638               	 ;  89 "robot2.c" 1
 639 0320 2F91      		POP  R18
 640               	 ;  0 "" 2
 641               	 ;  89 "robot2.c" 1
 642 0322 2F77      		ANDI R18,0x7F
 643               	 ;  0 "" 2
 644               	 ;  89 "robot2.c" 1
 645 0324 2FBF      		OUT  0x3F,R18
 646               	 ;  0 "" 2
 647               	 ;  89 "robot2.c" 1
 648 0326 3F91      		POP  R19
 649               	 ;  0 "" 2
 650               	 ;  89 "robot2.c" 1
 651 0328 2F91      		POP  R18
 652               	 ;  0 "" 2
 653               	 ;  89 "robot2.c" 1
 654 032a 1895      		RETI
 655               	 ;  0 "" 2
 656               	/* epilogue start */
 657               	.LM84:
 658               	/* #NOAPP */
 659               	.LFE4:
 661               	.global	__vector_13
 663               	__vector_13:
 664               	.LFB3:
 665               	.LM85:
 666               	/* prologue: naked */
 667               	/* frame size = 0 */
 668               	.LM86:
 669               	/* #APP */
 670               	 ;  72 "robot2.c" 1
 671 032c 2F93      		PUSH  R18
 672               	 ;  0 "" 2
 673               	 ;  72 "robot2.c" 1
 674 032e 3F93      		PUSH  R19
 675               	 ;  0 "" 2
 676               	 ;  72 "robot2.c" 1
 677 0330 2FB7      		IN    R18,0x3F
 678               	 ;  0 "" 2
 679               	 ;  72 "robot2.c" 1
 680 0332 2068      		ORI   R18,0x80
 681               	 ;  0 "" 2
 682               	 ;  72 "robot2.c" 1
 683 0334 2F93      		PUSH  R18
 684               	 ;  0 "" 2
 685               	 ;  72 "robot2.c" 1
 686 0336 0F92      		PUSH  R0
 687               	 ;  0 "" 2
 688               	 ;  72 "robot2.c" 1
 689 0338 1F92      		PUSH  R1
 690               	 ;  0 "" 2
 691               	 ;  72 "robot2.c" 1
 692 033a 4F93      		PUSH  R20
 693               	 ;  0 "" 2
 694               	 ;  72 "robot2.c" 1
 695 033c 5F93      		PUSH  R21
 696               	 ;  0 "" 2
 697               	 ;  72 "robot2.c" 1
 698 033e 6F93      		PUSH  R22
 699               	 ;  0 "" 2
 700               	 ;  72 "robot2.c" 1
 701 0340 7F93      		PUSH  R23
 702               	 ;  0 "" 2
 703               	 ;  72 "robot2.c" 1
 704 0342 8F93      		PUSH  R24
 705               	 ;  0 "" 2
 706               	 ;  72 "robot2.c" 1
 707 0344 9F93      		PUSH  R25
 708               	 ;  0 "" 2
 709               	 ;  72 "robot2.c" 1
 710 0346 AF93      		PUSH  R26
 711               	 ;  0 "" 2
 712               	 ;  72 "robot2.c" 1
 713 0348 BF93      		PUSH  R27
 714               	 ;  0 "" 2
 715               	 ;  72 "robot2.c" 1
 716 034a EF93      		PUSH  R30
 717               	 ;  0 "" 2
 718               	 ;  72 "robot2.c" 1
 719 034c FF93      		PUSH  R31
 720               	 ;  0 "" 2
 721               	/* #NOAPP */
 722 034e 8091 0000 		lds r24,OSIntNesting
 723 0352 8823      		tst r24
 724 0354 01F4      		brne .L40
 725               	/* #APP */
 726               	 ;  72 "robot2.c" 1
 727 0356 2F92      		PUSH  R2
 728               	 ;  0 "" 2
 729               	 ;  72 "robot2.c" 1
 730 0358 3F92      		PUSH  R3
 731               	 ;  0 "" 2
 732               	 ;  72 "robot2.c" 1
 733 035a 4F92      		PUSH  R4
 734               	 ;  0 "" 2
 735               	 ;  72 "robot2.c" 1
 736 035c 5F92      		PUSH  R5
 737               	 ;  0 "" 2
 738               	 ;  72 "robot2.c" 1
 739 035e 6F92      		PUSH  R6
 740               	 ;  0 "" 2
 741               	 ;  72 "robot2.c" 1
 742 0360 7F92      		PUSH  R7
 743               	 ;  0 "" 2
 744               	 ;  72 "robot2.c" 1
 745 0362 8F92      		PUSH  R8
 746               	 ;  0 "" 2
 747               	 ;  72 "robot2.c" 1
 748 0364 9F92      		PUSH  R9
 749               	 ;  0 "" 2
 750               	 ;  72 "robot2.c" 1
 751 0366 AF92      		PUSH  R10
 752               	 ;  0 "" 2
 753               	 ;  72 "robot2.c" 1
 754 0368 BF92      		PUSH  R11
 755               	 ;  0 "" 2
 756               	 ;  72 "robot2.c" 1
 757 036a CF92      		PUSH  R12
 758               	 ;  0 "" 2
 759               	 ;  72 "robot2.c" 1
 760 036c DF92      		PUSH  R13
 761               	 ;  0 "" 2
 762               	 ;  72 "robot2.c" 1
 763 036e EF92      		PUSH  R14
 764               	 ;  0 "" 2
 765               	 ;  72 "robot2.c" 1
 766 0370 FF92      		PUSH  R15
 767               	 ;  0 "" 2
 768               	 ;  72 "robot2.c" 1
 769 0372 0F93      		PUSH  R16
 770               	 ;  0 "" 2
 771               	 ;  72 "robot2.c" 1
 772 0374 1F93      		PUSH  R17
 773               	 ;  0 "" 2
 774               	 ;  72 "robot2.c" 1
 775 0376 CF93      		PUSH  R28
 776               	 ;  0 "" 2
 777               	 ;  72 "robot2.c" 1
 778 0378 DF93      		PUSH  R29
 779               	 ;  0 "" 2
 780               	/* #NOAPP */
 781               	.L40:
 782 037a 8F5F      		subi r24,lo8(-(1))
 783 037c 8093 0000 		sts OSIntNesting,r24
 784               	.LM87:
 785 0380 8CB1      		in r24,44-32
 786 0382 8093 0000 		sts tpRx,r24
 787               	.LM88:
 788 0386 C198      		cbi 56-32,1
 789               	.LM89:
 790 0388 8091 0000 		lds r24,UARTRxBox
 791 038c 9091 0000 		lds r25,(UARTRxBox)+1
 792 0390 60E0      		ldi r22,lo8(tpRx)
 793 0392 70E0      		ldi r23,hi8(tpRx)
 794 0394 0E94 0000 		call OSMboxPost
 795               	.LM90:
 796               	/* #APP */
 797               	 ;  76 "robot2.c" 1
 798 0398 F894      		cli
 799               	 ;  0 "" 2
 800               	/* #NOAPP */
 801 039a 0E94 0000 		call OSIntExit
 802 039e 8091 0000 		lds r24,OSIntNesting
 803 03a2 8823      		tst r24
 804 03a4 01F4      		brne .L41
 805               	/* #APP */
 806               	 ;  76 "robot2.c" 1
 807 03a6 DF91      		POP  R29
 808               	 ;  0 "" 2
 809               	 ;  76 "robot2.c" 1
 810 03a8 CF91      		POP  R28
 811               	 ;  0 "" 2
 812               	 ;  76 "robot2.c" 1
 813 03aa 1F91      		POP  R17
 814               	 ;  0 "" 2
 815               	 ;  76 "robot2.c" 1
 816 03ac 0F91      		POP  R16
 817               	 ;  0 "" 2
 818               	 ;  76 "robot2.c" 1
 819 03ae FF90      		POP  R15
 820               	 ;  0 "" 2
 821               	 ;  76 "robot2.c" 1
 822 03b0 EF90      		POP  R14
 823               	 ;  0 "" 2
 824               	 ;  76 "robot2.c" 1
 825 03b2 DF90      		POP  R13
 826               	 ;  0 "" 2
 827               	 ;  76 "robot2.c" 1
 828 03b4 CF90      		POP  R12
 829               	 ;  0 "" 2
 830               	 ;  76 "robot2.c" 1
 831 03b6 BF90      		POP  R11
 832               	 ;  0 "" 2
 833               	 ;  76 "robot2.c" 1
 834 03b8 AF90      		POP  R10
 835               	 ;  0 "" 2
 836               	 ;  76 "robot2.c" 1
 837 03ba 9F90      		POP  R9
 838               	 ;  0 "" 2
 839               	 ;  76 "robot2.c" 1
 840 03bc 8F90      		POP  R8
 841               	 ;  0 "" 2
 842               	 ;  76 "robot2.c" 1
 843 03be 7F90      		POP  R7
 844               	 ;  0 "" 2
 845               	 ;  76 "robot2.c" 1
 846 03c0 6F90      		POP  R6
 847               	 ;  0 "" 2
 848               	 ;  76 "robot2.c" 1
 849 03c2 5F90      		POP  R5
 850               	 ;  0 "" 2
 851               	 ;  76 "robot2.c" 1
 852 03c4 4F90      		POP  R4
 853               	 ;  0 "" 2
 854               	 ;  76 "robot2.c" 1
 855 03c6 3F90      		POP  R3
 856               	 ;  0 "" 2
 857               	 ;  76 "robot2.c" 1
 858 03c8 2F90      		POP  R2
 859               	 ;  0 "" 2
 860               	/* #NOAPP */
 861               	.L41:
 862               	/* #APP */
 863               	 ;  76 "robot2.c" 1
 864 03ca FF91      		POP  R31
 865               	 ;  0 "" 2
 866               	 ;  76 "robot2.c" 1
 867 03cc EF91      		POP  R30
 868               	 ;  0 "" 2
 869               	 ;  76 "robot2.c" 1
 870 03ce BF91      		POP  R27
 871               	 ;  0 "" 2
 872               	 ;  76 "robot2.c" 1
 873 03d0 AF91      		POP  R26
 874               	 ;  0 "" 2
 875               	 ;  76 "robot2.c" 1
 876 03d2 9F91      		POP  R25
 877               	 ;  0 "" 2
 878               	 ;  76 "robot2.c" 1
 879 03d4 8F91      		POP  R24
 880               	 ;  0 "" 2
 881               	 ;  76 "robot2.c" 1
 882 03d6 7F91      		POP  R23
 883               	 ;  0 "" 2
 884               	 ;  76 "robot2.c" 1
 885 03d8 6F91      		POP  R22
 886               	 ;  0 "" 2
 887               	 ;  76 "robot2.c" 1
 888 03da 5F91      		POP  R21
 889               	 ;  0 "" 2
 890               	 ;  76 "robot2.c" 1
 891 03dc 4F91      		POP  R20
 892               	 ;  0 "" 2
 893               	 ;  76 "robot2.c" 1
 894 03de 1F90      		POP  R1
 895               	 ;  0 "" 2
 896               	 ;  76 "robot2.c" 1
 897 03e0 0F90      		POP  R0
 898               	 ;  0 "" 2
 899               	 ;  76 "robot2.c" 1
 900 03e2 2F91      		POP  R18
 901               	 ;  0 "" 2
 902               	 ;  76 "robot2.c" 1
 903 03e4 2F77      		ANDI R18,0x7F
 904               	 ;  0 "" 2
 905               	 ;  76 "robot2.c" 1
 906 03e6 2FBF      		OUT  0x3F,R18
 907               	 ;  0 "" 2
 908               	 ;  76 "robot2.c" 1
 909 03e8 3F91      		POP  R19
 910               	 ;  0 "" 2
 911               	 ;  76 "robot2.c" 1
 912 03ea 2F91      		POP  R18
 913               	 ;  0 "" 2
 914               	 ;  76 "robot2.c" 1
 915 03ec 1895      		RETI
 916               	 ;  0 "" 2
 917               	/* epilogue start */
 918               	.LM91:
 919               	/* #NOAPP */
 920               	.LFE3:
 922               	.global	AngleD
 923               	.global	AngleD
 924               		.section .bss
 927               	AngleD:
 928 0000 00        		.skip 1,0
 929               	.global	VitesseD
 930               	.global	VitesseD
 933               	VitesseD:
 934 0001 00        		.skip 1,0
 935               	.global	tpRx
 936               	.global	tpRx
 939               	tpRx:
 940 0002 00        		.skip 1,0
 941               		.comm CmdTele_Stk,150,1
 942               		.comm MoteurTask_Stk,200,1
 943               		.comm IOTask_Stk,150,1
 944               		.comm UARTRxBox,2,1
 945               		.comm UARTTxSem,2,1
 946               		.comm UARTEchoSem,2,1
 947               		.comm MoteurUpdateSem,2,1
 948               		.comm CmdTeleSem,2,1
 949               		.comm InRunModeSem,2,1
 1022               	.Letext0:
DEFINED SYMBOLS
                            *ABS*:00000000 robot2.c
C:\Users\Charles\AppData\Local\Temp/ccRJBsSB.s:2      *ABS*:0000003f __SREG__
C:\Users\Charles\AppData\Local\Temp/ccRJBsSB.s:3      *ABS*:0000003e __SP_H__
C:\Users\Charles\AppData\Local\Temp/ccRJBsSB.s:4      *ABS*:0000003d __SP_L__
C:\Users\Charles\AppData\Local\Temp/ccRJBsSB.s:5      *ABS*:00000034 __CCP__
C:\Users\Charles\AppData\Local\Temp/ccRJBsSB.s:6      *ABS*:00000000 __tmp_reg__
C:\Users\Charles\AppData\Local\Temp/ccRJBsSB.s:7      *ABS*:00000001 __zero_reg__
C:\Users\Charles\AppData\Local\Temp/ccRJBsSB.s:20     .text:00000000 InitUART
C:\Users\Charles\AppData\Local\Temp/ccRJBsSB.s:47     .text:00000014 main
C:\Users\Charles\AppData\Local\Temp/ccRJBsSB.s:333    .text:000001fe MoteurTask
                            *COM*:000000c8 MoteurTask_Stk
C:\Users\Charles\AppData\Local\Temp/ccRJBsSB.s:207    .text:00000126 CmdTeleTask
                            *COM*:00000096 CmdTele_Stk
C:\Users\Charles\AppData\Local\Temp/ccRJBsSB.s:158    .text:000000d4 IOTask
                            *COM*:00000096 IOTask_Stk
                            *COM*:00000002 UARTTxSem
                            *COM*:00000002 UARTEchoSem
                            *COM*:00000002 MoteurUpdateSem
                            *COM*:00000002 CmdTeleSem
                            *COM*:00000002 InRunModeSem
C:\Users\Charles\AppData\Local\Temp/ccRJBsSB.s:927    .bss:00000000 AngleD
C:\Users\Charles\AppData\Local\Temp/ccRJBsSB.s:933    .bss:00000001 VitesseD
                            *COM*:00000002 UARTRxBox
C:\Users\Charles\AppData\Local\Temp/ccRJBsSB.s:407    .text:00000274 __vector_15
C:\Users\Charles\AppData\Local\Temp/ccRJBsSB.s:663    .text:0000032c __vector_13
C:\Users\Charles\AppData\Local\Temp/ccRJBsSB.s:939    .bss:00000002 tpRx

UNDEFINED SYMBOLS
__do_copy_data
__do_clear_bss
OSInit
pwmInit
hwInit
adcInit
adcStartConversion
SLInit
WdInit
OSTaskCreate
OSSemCreate
OSStart
SLCheckSwStatusStart
OSSemPost
moteurSetMode
SLCheckSwStatusStop
OSSemPend
OSMboxPend
WdDisable
OSSemAccept
moteurControl
InitOSTimer
OSMboxCreate
adcCalibSeq
CalculMoteur
OSIntNesting
OSIntExit
OSMboxPost
